     VMA      LMA     Size Align Out     In      Symbol
       0        0        0     1 RAM_START = 0x20000000
       0        0        0     1 RAM_LENGTH = 0x00080000
       0        0        0     1 FLASH_START = 0x00000000
       0        0        0     1 FLASH_LENGTH = 0x00200000
       0        0        0     1 DATA_FLASH_START = 0x08000000
       0        0        0     1 DATA_FLASH_LENGTH = 0x00002000
       0        0        0     1 QSPI_FLASH_START = 0x60000000
       0        0        0     1 QSPI_FLASH_LENGTH = 0x04000000
       0        0        0     1 OSPI0_CS0_START = 0x68000000
       0        0        0     1 OSPI0_CS0_LENGTH = 0x08000000
       0        0        0     1 OSPI0_CS1_START = 0x70000000
       0        0        0     1 OSPI0_CS1_LENGTH = 0x10000000
       0        0        0     1 OPTION_SETTING_OFS0_START = 0x0100a100
       0        0        0     1 OPTION_SETTING_OFS0_LENGTH = 0x00000004
       0        0        0     1 OPTION_SETTING_DUALSEL_START = 0x0100a110
       0        0        0     1 OPTION_SETTING_DUALSEL_LENGTH = 0x00000004
       0        0        0     1 OPTION_SETTING_OFS1_START = 0x0100a180
       0        0        0     1 OPTION_SETTING_OFS1_LENGTH = 0x00000004
       0        0        0     1 OPTION_SETTING_BANKSEL_START = 0x0100a190
       0        0        0     1 OPTION_SETTING_BANKSEL_LENGTH = 0x00000004
       0        0        0     1 OPTION_SETTING_BPS_START = 0x0100a1c0
       0        0        0     1 OPTION_SETTING_BPS_LENGTH = 0x00000010
       0        0        0     1 OPTION_SETTING_PBPS_START = 0x0100a1e0
       0        0        0     1 OPTION_SETTING_PBPS_LENGTH = 0x00000010
       0        0        0     1 OPTION_SETTING_OFS1_SEC_START = 0x0100a200
       0        0        0     1 OPTION_SETTING_OFS1_SEC_LENGTH = 0x00000004
       0        0        0     1 OPTION_SETTING_BANKSEL_SEC_START = 0x0100a210
       0        0        0     1 OPTION_SETTING_BANKSEL_SEC_LENGTH = 0x00000004
       0        0        0     1 OPTION_SETTING_BPS_SEC_START = 0x0100a240
       0        0        0     1 OPTION_SETTING_BPS_SEC_LENGTH = 0x00000010
       0        0        0     1 OPTION_SETTING_PBPS_SEC_START = 0x0100a260
       0        0        0     1 OPTION_SETTING_PBPS_SEC_LENGTH = 0x00000010
       0        0        0     1 OPTION_SETTING_OFS1_SEL_START = 0x0100a280
       0        0        0     1 OPTION_SETTING_OFS1_SEL_LENGTH = 0x00000004
       0        0        0     1 OPTION_SETTING_BANKSEL_SEL_START = 0x0100a290
       0        0        0     1 OPTION_SETTING_BANKSEL_SEL_LENGTH = 0x00000004
       0        0        0     1 OPTION_SETTING_BPS_SEL_START = 0x0100a2c0
       0        0        0     1 OPTION_SETTING_BPS_SEL_LENGTH = 0x00000010
60000000 60000000        0     1 .qspi_flash.startof
60000000 60000000        0     1         __ddsc_QSPI_FLASH_START = .
68000000 68000000        0     1 .ospi0_cs0.startof
68000000 68000000        0     1         __ddsc_OSPI0_CS0_START = .
68000000 68000000        0     1 __ospi0_cs0_from_qspi_flash$$
68000000 68000000        0     1         __ospi0_cs0_from_qspi_flash$$Base = .
68000000 68000000        0     1         __ospi0_cs0_from_qspi_flash$$Load = LOADADDR(__ospi0_cs0_from_qspi_flash$$)
68000000 68000000        0     1         __ospi0_cs0_from_qspi_flash$$Limit = .
20000000 20000000        0     1 .ram.startof
20000000 20000000        0     1         __ddsc_RAM_START = .
20000000 20000000        0     1 __ram_dtc_vector$$
20000000 20000000        0     1         __ram_dtc_vector$$Base = .
20000000 20000000        0     1         __ram_dtc_vector$$Limit = .
20000000 20000000        0     1 __ram_from_qspi_flash$$
20000000 20000000        0     1         __ram_from_qspi_flash$$Base = .
20000000 20000000        0     1         __ram_from_qspi_flash$$Load = LOADADDR(__ram_from_qspi_flash$$)
20000000 20000000        0     1         __ram_from_qspi_flash$$Limit = .
60000000 60000000        0     1 __qspi_flash_readonly$$
60000000 60000000        0     1         __qspi_flash_readonly$$Base = .
60000000 60000000        0     1         __qspi_flash_readonly$$Limit = .
60000000 60000000        0     1 __qspi_flash_noinit$$
60000000 60000000        0     1         __qspi_flash_noinit$$Base = .
60000000 60000000        0     1         __qspi_flash_noinit$$Limit = .
60000000 60000000        0     1 .qspi_flash.endof
60000000 60000000        0     1         __ddsc_QSPI_FLASH_END = .
70000000 70000000        0     1 .ospi0_cs1.startof
70000000 70000000        0     1         __ddsc_OSPI0_CS1_START = .
68000000 68000000        0     1 __ospi0_cs0_from_ospi0_cs1$$
68000000 68000000        0     1         __ospi0_cs0_from_ospi0_cs1$$Base = .
68000000 68000000        0     1         __ospi0_cs0_from_ospi0_cs1$$Load = LOADADDR(__ospi0_cs0_from_ospi0_cs1$$)
68000000 68000000        0     1         __ospi0_cs0_from_ospi0_cs1$$Limit = .
20000000 20000000        0     1 __ram_from_ospi0_cs1$$
20000000 20000000        0     1         __ram_from_ospi0_cs1$$Base = .
20000000 20000000        0     1         __ram_from_ospi0_cs1$$Load = LOADADDR(__ram_from_ospi0_cs1$$)
20000000 20000000        0     1         __ram_from_ospi0_cs1$$Limit = .
70000000 70000000        0     1 __ospi0_cs1_readonly$$
70000000 70000000        0     1         __ospi0_cs1_readonly$$Base = .
70000000 70000000        0     1         __ospi0_cs1_readonly$$Limit = .
70000000 70000000        0     1 __ospi0_cs1_noinit$$
70000000 70000000        0     1         __ospi0_cs1_noinit$$Base = .
70000000 70000000        0     1         __ospi0_cs1_noinit$$Limit = .
70000000 70000000        0     1 .ospi0_cs1.endof
70000000 70000000        0     1         __ddsc_OSPI0_CS1_END = .
 8000000  8000000        0     1 .data_flash.startof
 8000000  8000000        0     1         __ddsc_DATA_FLASH_START = .
68000000 68000000        0     1 __ospi0_cs0_from_data_flash$$
68000000 68000000        0     1         __ospi0_cs0_from_data_flash$$Base = .
68000000 68000000        0     1         __ospi0_cs0_from_data_flash$$Load = LOADADDR(__ospi0_cs0_from_data_flash$$)
68000000 68000000        0     1         __ospi0_cs0_from_data_flash$$Limit = .
20000000 20000000        0     1 __ram_from_data_flash$$
20000000 20000000        0     1         __ram_from_data_flash$$Base = .
20000000 20000000        0     1         __ram_from_data_flash$$Load = LOADADDR(__ram_from_data_flash$$)
20000000 20000000        0     1         __ram_from_data_flash$$Limit = .
 8000000  8000000        0     1 __data_flash_readonly$$
 8000000  8000000        0     1         __data_flash_readonly$$Base = .
 8000000  8000000        0     1         __data_flash_readonly$$Limit = .
 8000000  8000000        0     1 __data_flash_noinit$$
 8000000  8000000        0     1         __data_flash_noinit$$Base = .
 8000000  8000000        0     1         __data_flash_noinit$$Limit = .
 8000000  8000000        0     1 .data_flash.endof
 8000000  8000000        0     1         __ddsc_DATA_FLASH_END = .
       0        0        0     1 .flash.startof
       0        0        0     1         __ddsc_FLASH_START = .
       0        0       60     4 __flash_vectors$$
       0        0        0     1         __flash_vectors$$Base = .
       0        0        0     1         _VECTORS = .
       0        0       40     4         ./ra/fsp/src/bsp/cmsis/Device/RENESAS/Source/startup.o:(.fixed_vectors)
       0        0       40     1                 __Vectors
      40       40       20     4         ./ra_gen/vector_data.o:(.application_vectors)
      40       40       20     1                 g_vector_table
      60       60        0     1         __flash_vectors$$Limit = .
      60       60        0     1 __flash_noinit$$
      60       60        0     1         __flash_noinit$$Base = .
      60       60        0     1         __flash_noinit$$Limit = .
68000000 68000000        0     1 __ospi0_cs0_from_flash$$
68000000 68000000        0     1         __ospi0_cs0_from_flash$$Base = .
68000000 68000000        0     1         __ospi0_cs0_from_flash$$Load = LOADADDR(__ospi0_cs0_from_flash$$)
68000000 68000000        0     1         __ospi0_cs0_from_flash$$Limit = .
68000000 68000000        0     1 __ospi0_cs0_noinit_nocache$$
68000000 68000000        0     1         __ospi0_cs0_noinit_nocache$$Base = .
68000000 68000000        0     1         __ospi0_cs0_noinit_nocache$$Limit = .
68000000 68000000        0     1 __ospi0_cs0_zero_nocache$$
68000000 68000000        0     1         __ospi0_cs0_zero_nocache$$Base = .
68000000 68000000        0     1         . = ALIGN(32)
68000000 68000000        0     1         __ospi0_cs0_zero_nocache$$Limit = .
68000000 68000000        0     1 __ospi0_cs0_noinit$$
68000000 68000000        0     1         __ospi0_cs0_noinit$$Base = .
68000000 68000000        0     1         __ospi0_cs0_noinit$$Limit = .
68000000 68000000        0     1 __ospi0_cs0_zero$$
68000000 68000000        0     1         __ospi0_cs0_zero$$Base = .
68000000 68000000        0     1         __ospi0_cs0_zero$$Limit = .
68000000 68000000        0     1 .ospi0_cs0.endof
68000000 68000000        0     1         __ddsc_OSPI0_CS0_END = .
20000000       60       ec     4 __ram_from_flash$$
20000000       60        0     1         __ram_from_flash$$Base = .
20000000       60        0     1         __ram_from_flash$$Load = LOADADDR(__ram_from_flash$$)
20000000       60       14     4         ./ra_gen/common_data.o:(.data.g_comms_i2c_bus0_extended_cfg)
20000000       60       14     1                 g_comms_i2c_bus0_extended_cfg
20000014       74       2c     4         ./ra_gen/hal_data.o:(.data.g_zmod4xxx_sensor0_extended_cfg)
20000014       74       2c     1                 g_zmod4xxx_sensor0_extended_cfg
20000040       a0        4     1         ./ra_gen/hal_data.o:(.data.g_uart0_baud_setting)
20000040       a0        4     1                 g_uart0_baud_setting
20000044       a4        a     1         ./ra/fsp/src/rm_zmod4xxx/iaq_2nd_gen/rm_zmod4410_iaq_2nd_gen.o:(.data.data_set_4410i)
20000044       a4        a     1                 data_set_4410i
2000004e       ae       3c     1         ./ra/fsp/src/rm_zmod4xxx/iaq_2nd_gen/rm_zmod4410_iaq_2nd_gen.o:(.data.data_set_4410_iaq_2nd_gen)
2000004e       ae       3c     1                 data_set_4410_iaq_2nd_gen
2000008c       ec       60     4         ./ra/fsp/src/rm_zmod4xxx/iaq_2nd_gen/rm_zmod4410_iaq_2nd_gen.o:(.data.g_zmod4410_iaq_2nd_gen_sensor_type)
2000008c       ec       60     1                 g_zmod4410_iaq_2nd_gen_sensor_type
200000ec      14c        0     1         __ram_from_flash$$Limit = .
20000100 20000100        0     1 __ram_noinit_nocache$$
20000100 20000100        0     1         __ram_noinit_nocache$$Base = .
20000100 20000100        0     1         __ram_noinit_nocache$$Limit = .
20000100 20000100        0     1 __ram_zero_nocache$$
20000100 20000100        0     1         __ram_zero_nocache$$Base = .
20000100 20000100        0     1         . = ALIGN(32)
20000100 20000100        0     1         __ram_zero_nocache$$Limit = .
20000100 20000100      41c     8 __ram_noinit$$
20000100 20000100        0     1         __ram_noinit$$Base = .
20000100 20000100      400     8         ./ra/fsp/src/bsp/cmsis/Device/RENESAS/Source/startup.o:(.bss.g_main_stack)
20000100 20000100      400     1                 g_main_stack
20000500 20000500       1c     4         ./ra/fsp/src/bsp/mcu/all/bsp_clocks.o:(.ram_noinit)
20000500 20000500       1c     1                 g_clock_freq
2000051c 2000051c        0     1         __ram_noinit$$Limit = .
2000051c 2000051c      878     4 __ram_zero$$
2000051c 2000051c        0     1         __ram_zero$$Base = .
2000051c 2000051c       a8     4         ./src/RTT/SEGGER_RTT.o:(.bss._SEGGER_RTT)
2000051c 2000051c       a8     1                 _SEGGER_RTT
200005c4 200005c4      400     1         ./src/RTT/SEGGER_RTT.o:(.bss._acUpBuffer)
200005c4 200005c4      400     1                 _acUpBuffer
200009c4 200009c4       10     1         ./src/RTT/SEGGER_RTT.o:(.bss._acDownBuffer)
200009c4 200009c4       10     1                 _acDownBuffer
200009d4 200009d4        1     1         ./src/hal_entry.o:(.bss.g_uart_tx_done)
200009d4 200009d4        1     1                 g_uart_tx_done
200009d5 200009d5        1     1         ./src/hal_entry.o:(.bss.g_uart_tx_busy)
200009d5 200009d5        1     1                 g_uart_tx_busy
200009d6 200009d6        1     1         ./src/hal_entry.o:(.bss.g_zmod4xxx_i2c_done)
200009d6 200009d6        1     1                 g_zmod4xxx_i2c_done
200009d7 200009d7        1     1         ./src/hal_entry.o:(.bss.g_zmod4xxx_i2c_event)
200009d7 200009d7        1     1                 g_zmod4xxx_i2c_event
200009d8 200009d8        1     1         ./src/hal_entry.o:(.bss.g_first_run)
200009d8 200009d8        1     1                 g_first_run
200009dc 200009dc        4     4         ./src/hal_entry.o:(.bss.g_last_iaq)
200009dc 200009dc        4     1                 g_last_iaq
200009e0 200009e0        4     4         ./src/hal_entry.o:(.bss.g_last_tvoc)
200009e0 200009e0        4     1                 g_last_tvoc
200009e4 200009e4       80     4         ./src/hal_entry.o:(.bss.g_print_buf)
200009e4 200009e4       80     1                 g_print_buf
20000a64 20000a64       20     1         ./src/hal_entry.o:(.bss.g_zmod_raw)
20000a64 20000a64       20     1                 g_zmod_raw
20000a84 20000a84       60     4         ./src/hal_entry.o:(.bss.g_zmod_data)
20000a84 20000a84       60     1                 g_zmod_data
20000ae4 20000ae4       40     4         ./ra_gen/common_data.o:(.bss.g_i2c_master0_ctrl)
20000ae4 20000ae4       40     1                 g_i2c_master0_ctrl
20000b24 20000b24        8     4         ./ra_gen/common_data.o:(.bss.g_ioport_ctrl)
20000b24 20000b24        8     1                 g_ioport_ctrl
20000b2c 20000b2c       78     4         ./ra_gen/hal_data.o:(.bss.g_zmod4xxx_sensor0_ctrl)
20000b2c 20000b2c       78     1                 g_zmod4xxx_sensor0_ctrl
20000ba4 20000ba4       24     4         ./ra_gen/hal_data.o:(.bss.g_comms_i2c_device0_ctrl)
20000ba4 20000ba4       24     1                 g_comms_i2c_device0_ctrl
20000bc8 20000bc8        7     1         ./ra_gen/hal_data.o:(.bss.g_zmod4xxx_sensor0_product_data)
20000bc8 20000bc8        7     1                 g_zmod4xxx_sensor0_product_data
20000bd0 20000bd0       28     4         ./ra_gen/hal_data.o:(.bss.g_zmod4xxx_sensor0_dev)
20000bd0 20000bd0       28     1                 g_zmod4xxx_sensor0_dev
20000bf8 20000bf8       9c     4         ./ra_gen/hal_data.o:(.bss.g_zmod4xxx_sensor0_lib_handle)
20000bf8 20000bf8       9c     1                 g_zmod4xxx_sensor0_lib_handle
20000c94 20000c94       58     4         ./ra_gen/hal_data.o:(.bss.g_zmod4xxx_sensor0_lib_results)
20000c94 20000c94       58     1                 g_zmod4xxx_sensor0_lib_results
20000cec 20000cec       30     4         ./ra_gen/hal_data.o:(.bss.g_uart0_ctrl)
20000cec 20000cec       30     1                 g_uart0_ctrl
20000d1c 20000d1c       40     4         ./ra/fsp/src/bsp/mcu/all/bsp_group_irq.o:(.bss.g_bsp_group_irq_sources)
20000d1c 20000d1c       40     1                 g_bsp_group_irq_sources
20000d5c 20000d5c        4     4         ./ra/fsp/src/bsp/mcu/all/bsp_io.o:(.bss.g_protect_pfswe_counter)
20000d5c 20000d5c        4     1                 g_protect_pfswe_counter
20000d60 20000d60       20     4         ./ra/fsp/src/bsp/mcu/all/bsp_irq.o:(.bss.gp_renesas_isr_context)
20000d60 20000d60       20     1                 gp_renesas_isr_context
20000d80 20000d80        a     2         ./ra/fsp/src/bsp/mcu/all/bsp_register_protection.o:(.bss.g_protect_counters)
20000d80 20000d80        a     1                 g_protect_counters
20000d8c 20000d8c        4     4         ./ra/fsp/src/bsp/cmsis/Device/RENESAS/Source/system.o:(.bss.SystemCoreClock)
20000d8c 20000d8c        4     1                 SystemCoreClock
20000d90 20000d90        4     4         C:\Renesas\RA\e2studio_v2025-12_fsp_v6.3.0\toolchains\llvm_arm\ATfE-21.1.1-Windows-x86_64\bin\..\lib\clang-runtimes/arm-none-eabi/armv8m.main_hard_fp_exn_rtti_unaligned_size\lib\libc.a(libc_picolib_machine_arm_tls.c.o):(.bss.__tls)
20000d90 20000d90        4     1                 __tls
20000d94 20000d94        0     1         __ram_zero$$Limit = .
20000d94 20000d94        0     1 __ram_tdata$$
20000d94 20000d94        0     1         __ram_tdata$$Base = .
20000d94 20000d94        0     1         __ram_tdata$$Load = LOADADDR(__ram_tdata$$)
20000d94 20000d94        0     1         __ram_tdata$$Limit = .
20000d94 20000d94        0     1 __ram_tbss$$
20000d94 20000d94        0     1         __ram_tbss$$Base = .
20000d94 20000d94        0     1         __ram_tbss$$Limit = .
20000d98 20000d98        0     1 __ram_thread_stack$$
20000d98 20000d98        0     1         __ram_thread_stack$$Base = .
20000d98 20000d98        0     1         __ram_thread_stack$$Limit = .
20001000 20001000        0     1 .ram.endof
20001000 20001000        0     1         __ddsc_RAM_END = .
20001000 20001000        0     1 .ram.flat_nsc
20001000 20001000        0     1         __ddsc_RAM_NSC = .
     150      150     8406     8 __flash_readonly$$
     150      150        0     1         __flash_readonly$$Base = .
     150      150       72     4         ./src/RTT/SEGGER_RTT.o:(.text._DoInit)
     150      150        0     1                 $t
     151      151       72     1                 _DoInit
     1c4      1c4       6a     4         ./src/RTT/SEGGER_RTT.o:(.text._WriteBlocking)
     1c4      1c4        0     1                 $t
     1c5      1c5       6a     1                 _WriteBlocking
     22e      22e       f4     2         ./src/RTT/SEGGER_RTT.o:(.text.SEGGER_RTT_WriteNoLock)
     22e      22e        0     1                 $t
     22f      22f       f4     1                 SEGGER_RTT_WriteNoLock
     322      322       38     2         ./src/RTT/SEGGER_RTT.o:(.text.SEGGER_RTT_Write)
     322      322        0     1                 $t
     323      323       38     1                 SEGGER_RTT_Write
     35c      35c      2c0     4         ./src/RTT/SEGGER_RTT_printf.o:(.text.SEGGER_RTT_vprintf)
     35c      35c        0     1                 $t
     35d      35d      2c0     1                 SEGGER_RTT_vprintf
     478      478        0     1                 $d
     482      482        0     1                 $t
     61c      61c       40     2         ./src/RTT/SEGGER_RTT_printf.o:(.text._StoreChar)
     61c      61c        0     1                 $t
     61d      61d       40     1                 _StoreChar
     65c      65c       f4     4         ./src/RTT/SEGGER_RTT_printf.o:(.text._PrintUnsigned)
     65c      65c        0     1                 $t
     65d      65d       f4     1                 _PrintUnsigned
     750      750       1e     2         ./src/RTT/SEGGER_RTT_printf.o:(.text.SEGGER_RTT_printf)
     750      750        0     1                 $t
     751      751       1e     1                 SEGGER_RTT_printf
     76e      76e       22     2         ./src/hal_entry.o:(.text.user_uart_callback)
     76e      76e        0     1                 $t
     76f      76f       22     1                 user_uart_callback
     790      790       1c     2         ./src/hal_entry.o:(.text.zmod4xxx_comms_i2c_callback)
     790      790        0     1                 $t
     791      791       1c     1                 zmod4xxx_comms_i2c_callback
     7ac      7ac      3a4     4         ./src/hal_entry.o:(.text.hal_entry)
     7ac      7ac        0     1                 $t
     7ad      7ad      3a4     1                 hal_entry
     b3c      b3c        0     1                 $d
     b50      b50       56     4         ./src/hal_entry.o:(.text.uart_send_string)
     b50      b50        0     1                 $t
     b51      b51       56     1                 uart_send_string
     ba6      ba6       1a     2         ./src/hal_warmstart.o:(.text.R_BSP_WarmStart)
     ba6      ba6        0     1                 $t
     ba7      ba7       1a     1                 R_BSP_WarmStart
     bc0      bc0        a     2         ./ra_gen/main.o:(.text.main)
     bc0      bc0        0     1                 $t
     bc1      bc1        a     1                 main
     bca      bca       22     2         ./ra/fsp/src/rm_zmod4xxx/iaq_2nd_gen/rm_zmod4410_iaq_2nd_gen.o:(.text.rm_zmod4410_iaq_2nd_gen_open)
     bca      bca        0     1                 $t
     bcb      bcb       22     1                 rm_zmod4410_iaq_2nd_gen_open
     bec      bec        4     2         ./ra/fsp/src/rm_zmod4xxx/iaq_2nd_gen/rm_zmod4410_iaq_2nd_gen.o:(.text.rm_zmod4410_iaq_2nd_gen_measurement_start)
     bec      bec        0     1                 $t
     bed      bed        4     1                 rm_zmod4410_iaq_2nd_gen_measurement_start
     bf0      bf0        4     2         ./ra/fsp/src/rm_zmod4xxx/iaq_2nd_gen/rm_zmod4410_iaq_2nd_gen.o:(.text.rm_zmod4410_iaq_2nd_gen_measurement_stop)
     bf0      bf0        0     1                 $t
     bf1      bf1        4     1                 rm_zmod4410_iaq_2nd_gen_measurement_stop
     bf4      bf4        4     2         ./ra/fsp/src/rm_zmod4xxx/iaq_2nd_gen/rm_zmod4410_iaq_2nd_gen.o:(.text.rm_zmod4410_iaq_2nd_gen_status_check)
     bf4      bf4        0     1                 $t
     bf5      bf5        4     1                 rm_zmod4410_iaq_2nd_gen_status_check
     bf8      bf8        4     2         ./ra/fsp/src/rm_zmod4xxx/iaq_2nd_gen/rm_zmod4410_iaq_2nd_gen.o:(.text.rm_zmod4410_iaq_2nd_gen_read)
     bf8      bf8        0     1                 $t
     bf9      bf9        4     1                 rm_zmod4410_iaq_2nd_gen_read
     bfc      bfc        4     2         ./ra/fsp/src/rm_zmod4xxx/iaq_2nd_gen/rm_zmod4410_iaq_2nd_gen.o:(.text.rm_zmod4410_iaq_2nd_gen_iaq_1st_gen_data_calculate)
     bfc      bfc        0     1                 $t
     bfd      bfd        4     1                 rm_zmod4410_iaq_2nd_gen_iaq_1st_gen_data_calculate
     c00      c00       64     4         ./ra/fsp/src/rm_zmod4xxx/iaq_2nd_gen/rm_zmod4410_iaq_2nd_gen.o:(.text.rm_zmod4410_iaq_2nd_gen_data_calculate)
     c00      c00        0     1                 $t
     c01      c01       64     1                 rm_zmod4410_iaq_2nd_gen_data_calculate
     c64      c64        4     2         ./ra/fsp/src/rm_zmod4xxx/iaq_2nd_gen/rm_zmod4410_iaq_2nd_gen.o:(.text.rm_zmod4410_iaq_2nd_gen_sulfur_odor_data_calculate)
     c64      c64        0     1                 $t
     c65      c65        4     1                 rm_zmod4410_iaq_2nd_gen_sulfur_odor_data_calculate
     c68      c68        4     2         ./ra/fsp/src/rm_zmod4xxx/iaq_2nd_gen/rm_zmod4410_iaq_2nd_gen.o:(.text.rm_zmod4410_iaq_2nd_gen_oaq_2nd_gen_data_calculate)
     c68      c68        0     1                 $t
     c69      c69        4     1                 rm_zmod4410_iaq_2nd_gen_oaq_2nd_gen_data_calculate
     c6c      c6c        4     2         ./ra/fsp/src/rm_zmod4xxx/iaq_2nd_gen/rm_zmod4410_iaq_2nd_gen.o:(.text.rm_zmod4410_iaq_2nd_gen_raq_data_calculate)
     c6c      c6c        0     1                 $t
     c6d      c6d        4     1                 rm_zmod4410_iaq_2nd_gen_raq_data_calculate
     c70      c70        4     2         ./ra/fsp/src/rm_zmod4xxx/iaq_2nd_gen/rm_zmod4410_iaq_2nd_gen.o:(.text.rm_zmod4410_iaq_2nd_gen_rel_iaq_data_calculate)
     c70      c70        0     1                 $t
     c71      c71        4     1                 rm_zmod4410_iaq_2nd_gen_rel_iaq_data_calculate
     c74      c74        4     2         ./ra/fsp/src/rm_zmod4xxx/iaq_2nd_gen/rm_zmod4410_iaq_2nd_gen.o:(.text.rm_zmod4410_iaq_2nd_gen_pbaq_data_calculate)
     c74      c74        0     1                 $t
     c75      c75        4     1                 rm_zmod4410_iaq_2nd_gen_pbaq_data_calculate
     c78      c78        4     2         ./ra/fsp/src/rm_zmod4xxx/iaq_2nd_gen/rm_zmod4410_iaq_2nd_gen.o:(.text.rm_zmod4410_iaq_2nd_gen_no2_o3_data_calculate)
     c78      c78        0     1                 $t
     c79      c79        4     1                 rm_zmod4410_iaq_2nd_gen_no2_o3_data_calculate
     c7c      c7c        4     2         ./ra/fsp/src/rm_zmod4xxx/iaq_2nd_gen/rm_zmod4410_iaq_2nd_gen.o:(.text.rm_zmod4410_iaq_2nd_gen_temperature_and_humidity_set)
     c7c      c7c        0     1                 $t
     c7d      c7d        4     1                 rm_zmod4410_iaq_2nd_gen_temperature_and_humidity_set
     c80      c80        4     2         ./ra/fsp/src/rm_zmod4xxx/iaq_2nd_gen/rm_zmod4410_iaq_2nd_gen.o:(.text.rm_zmod4410_iaq_2nd_gen_device_error_check)
     c80      c80        0     1                 $t
     c81      c81        4     1                 rm_zmod4410_iaq_2nd_gen_device_error_check
     c84      c84        4     2         ./ra/fsp/src/rm_zmod4xxx/iaq_2nd_gen/rm_zmod4410_iaq_2nd_gen.o:(.text.rm_zmod4410_iaq_2nd_gen_close)
     c84      c84        0     1                 $t
     c85      c85        4     1                 rm_zmod4410_iaq_2nd_gen_close
     c88      c88      442     4         ./ra/fsp/src/rm_zmod4xxx/rm_zmod4xxx.o:(.text.RM_ZMOD4XXX_Open)
     c88      c88        0     1                 $t
     c89      c89      442     1                 RM_ZMOD4XXX_Open
    10ca     10ca       1e     2         ./ra/fsp/src/rm_zmod4xxx/rm_zmod4xxx.o:(.text.RM_ZMOD4XXX_MeasurementStart)
    10ca     10ca        0     1                 $t
    10cb     10cb       1e     1                 RM_ZMOD4XXX_MeasurementStart
    10e8     10e8       20     2         ./ra/fsp/src/rm_zmod4xxx/rm_zmod4xxx.o:(.text.RM_ZMOD4XXX_StatusCheck)
    10e8     10e8        0     1                 $t
    10e9     10e9       20     1                 RM_ZMOD4XXX_StatusCheck
    1108     1108       38     2         ./ra/fsp/src/rm_zmod4xxx/rm_zmod4xxx.o:(.text.RM_ZMOD4XXX_Read)
    1108     1108        0     1                 $t
    1109     1109       38     1                 RM_ZMOD4XXX_Read
    1140     1140        8     2         ./ra/fsp/src/rm_zmod4xxx/rm_zmod4xxx.o:(.text.RM_ZMOD4XXX_Iaq2ndGenDataCalculate)
    1140     1140        0     1                 $t
    1141     1141        8     1                 RM_ZMOD4XXX_Iaq2ndGenDataCalculate
    1148     1148        e     2         ./ra/fsp/src/rm_zmod4xxx/rm_zmod4xxx.o:(.text.RM_ZMOD4XXX_TemperatureAndHumiditySet)
    1148     1148        0     1                 $t
    1149     1149        e     1                 RM_ZMOD4XXX_TemperatureAndHumiditySet
    1156     1156       18     2         ./ra/fsp/src/rm_zmod4xxx/rm_zmod4xxx.o:(.text.RM_ZMOD4XXX_DeviceErrorCheck)
    1156     1156        0     1                 $t
    1157     1157       18     1                 RM_ZMOD4XXX_DeviceErrorCheck
    116e     116e       be     2         ./ra/fsp/src/rm_zmod4xxx/rm_zmod4xxx.o:(.text.rm_zmod4xxx_comms_i2c_callback)
    116e     116e        0     1                 $t
    116f     116f       be     1                 rm_zmod4xxx_comms_i2c_callback
    122c     122c       8a     4         ./ra/fsp/src/rm_zmod4xxx/rm_zmod4xxx.o:(.text.rm_zmod4xxx_i2c_read)
    122c     122c        0     1                 $t
    122d     122d       8a     1                 rm_zmod4xxx_i2c_read
    12b8     12b8       8e     4         ./ra/fsp/src/rm_zmod4xxx/rm_zmod4xxx.o:(.text.rm_zmod4xxx_i2c_write)
    12b8     12b8        0     1                 $t
    12b9     12b9       8e     1                 rm_zmod4xxx_i2c_write
    1348     1348       a0     4         ./ra/fsp/src/rm_zmod4xxx/rm_zmod4xxx.o:(.text.rm_zmod4xxx_calc_factor)
    1348     1348        0     1                 $t
    1349     1349       a0     1                 rm_zmod4xxx_calc_factor
    13d8     13d8        0     1                 $d
    13e8     13e8       10     2         ./ra/fsp/src/rm_zmod4xxx/rm_zmod4xxx_ra_driver.o:(.text.rm_zmod4xxx_delay_ms)
    13e8     13e8        0     1                 $t
    13e9     13e9       10     1                 rm_zmod4xxx_delay_ms
    13f8     13f8       36     2         ./ra/fsp/src/rm_zmod4xxx/rm_zmod4xxx_ra_driver.o:(.text.rm_zmod4xxx_irq_open)
    13f8     13f8        0     1                 $t
    13f9     13f9       36     1                 rm_zmod4xxx_irq_open
    142e     142e       2c     2         ./ra/fsp/src/rm_zmod4xxx/rm_zmod4xxx_ra_driver.o:(.text.rm_zmod4xxx_irq_callback)
    142e     142e        0     1                 $t
    142f     142f       2c     1                 rm_zmod4xxx_irq_callback
    145a     145a       24     2         ./ra/fsp/src/rm_comms_i2c/rm_comms_i2c.o:(.text.RM_COMMS_I2C_Open)
    145a     145a        0     1                 $t
    145b     145b       24     1                 RM_COMMS_I2C_Open
    147e     147e        e     2         ./ra/fsp/src/rm_comms_i2c/rm_comms_i2c.o:(.text.RM_COMMS_I2C_Close)
    147e     147e        0     1                 $t
    147f     147f        e     1                 RM_COMMS_I2C_Close
    148c     148c        4     2         ./ra/fsp/src/rm_comms_i2c/rm_comms_i2c.o:(.text.RM_COMMS_I2C_Read)
    148c     148c        0     1                 $t
    148d     148d        4     1                 RM_COMMS_I2C_Read
    1490     1490        4     2         ./ra/fsp/src/rm_comms_i2c/rm_comms_i2c.o:(.text.RM_COMMS_I2C_Write)
    1490     1490        0     1                 $t
    1491     1491        4     1                 RM_COMMS_I2C_Write
    1494     1494        4     2         ./ra/fsp/src/rm_comms_i2c/rm_comms_i2c.o:(.text.RM_COMMS_I2C_WriteRead)
    1494     1494        0     1                 $t
    1495     1495        4     1                 RM_COMMS_I2C_WriteRead
    1498     1498       40     2         ./ra/fsp/src/rm_comms_i2c/rm_comms_i2c_driver_ra.o:(.text.rm_comms_i2c_bus_read)
    1498     1498        0     1                 $t
    1499     1499       40     1                 rm_comms_i2c_bus_read
    14d8     14d8       40     2         ./ra/fsp/src/rm_comms_i2c/rm_comms_i2c_driver_ra.o:(.text.rm_comms_i2c_bus_reconfigure)
    14d8     14d8        0     1                 $t
    14d9     14d9       40     1                 rm_comms_i2c_bus_reconfigure
    1518     1518       36     2         ./ra/fsp/src/rm_comms_i2c/rm_comms_i2c_driver_ra.o:(.text.rm_comms_i2c_bus_write)
    1518     1518        0     1                 $t
    1519     1519       36     1                 rm_comms_i2c_bus_write
    154e     154e       38     2         ./ra/fsp/src/rm_comms_i2c/rm_comms_i2c_driver_ra.o:(.text.rm_comms_i2c_bus_write_read)
    154e     154e        0     1                 $t
    154f     154f       38     1                 rm_comms_i2c_bus_write_read
    1586     1586       5a     2         ./ra/fsp/src/rm_comms_i2c/rm_comms_i2c_driver_ra.o:(.text.rm_comms_i2c_callback)
    1586     1586        0     1                 $t
    1587     1587       5a     1                 rm_comms_i2c_callback
    15e0     15e0      344     2         ./ra/fsp/src/r_sci_uart/r_sci_uart.o:(.text.R_SCI_UART_Open)
    15e0     15e0        0     1                 $t
    15e1     15e1      344     1                 R_SCI_UART_Open
    1924     1924       4c     2         ./ra/fsp/src/r_sci_uart/r_sci_uart.o:(.text.R_SCI_UART_Write)
    1924     1924        0     1                 $t
    1925     1925       4c     1                 R_SCI_UART_Write
    1970     1970       86     2         ./ra/fsp/src/r_sci_uart/r_sci_uart.o:(.text.sci_uart_txi_isr)
    1970     1970        0     1                 $t
    1971     1971       86     1                 sci_uart_txi_isr
    19f6     19f6       4a     2         ./ra/fsp/src/r_sci_uart/r_sci_uart.o:(.text.r_sci_uart_call_callback)
    19f6     19f6        0     1                 $t
    19f7     19f7       4a     1                 r_sci_uart_call_callback
    1a40     1a40       88     2         ./ra/fsp/src/r_sci_uart/r_sci_uart.o:(.text.sci_uart_rxi_isr)
    1a40     1a40        0     1                 $t
    1a41     1a41       88     1                 sci_uart_rxi_isr
    1ac8     1ac8       4c     2         ./ra/fsp/src/r_sci_uart/r_sci_uart.o:(.text.sci_uart_tei_isr)
    1ac8     1ac8        0     1                 $t
    1ac9     1ac9       4c     1                 sci_uart_tei_isr
    1b14     1b14       74     2         ./ra/fsp/src/r_sci_uart/r_sci_uart.o:(.text.sci_uart_eri_isr)
    1b14     1b14        0     1                 $t
    1b15     1b15       74     1                 sci_uart_eri_isr
    1b88     1b88       16     2         ./ra/fsp/src/r_ioport/r_ioport.o:(.text.R_IOPORT_Open)
    1b88     1b88        0     1                 $t
    1b89     1b89       16     1                 R_IOPORT_Open
    1b9e     1b9e       2a     2         ./ra/fsp/src/r_ioport/r_ioport.o:(.text.R_IOPORT_PinWrite)
    1b9e     1b9e        0     1                 $t
    1b9f     1b9f       2a     1                 R_IOPORT_PinWrite
    1bc8     1bc8       be     4         ./ra/fsp/src/r_ioport/r_ioport.o:(.text.r_ioport_pins_config)
    1bc8     1bc8        0     1                 $t
    1bc9     1bc9       be     1                 r_ioport_pins_config
    1c88     1c88       ce     4         ./ra/fsp/src/r_ioport/r_ioport.o:(.text.bsp_vbatt_init)
    1c88     1c88        0     1                 $t
    1c89     1c89       ce     1                 bsp_vbatt_init
    1d56     1d56       80     2         ./ra/fsp/src/r_iic_master/r_iic_master.o:(.text.R_IIC_MASTER_Open)
    1d56     1d56        0     1                 $t
    1d57     1d57       80     1                 R_IIC_MASTER_Open
    1dd6     1dd6        c     2         ./ra/fsp/src/r_iic_master/r_iic_master.o:(.text.R_IIC_MASTER_Read)
    1dd6     1dd6        0     1                 $t
    1dd7     1dd7        c     1                 R_IIC_MASTER_Read
    1de2     1de2        c     2         ./ra/fsp/src/r_iic_master/r_iic_master.o:(.text.R_IIC_MASTER_Write)
    1de2     1de2        0     1                 $t
    1de3     1de3        c     1                 R_IIC_MASTER_Write
    1dee     1dee       32     2         ./ra/fsp/src/r_iic_master/r_iic_master.o:(.text.R_IIC_MASTER_Abort)
    1dee     1dee        0     1                 $t
    1def     1def       32     1                 R_IIC_MASTER_Abort
    1e20     1e20        a     2         ./ra/fsp/src/r_iic_master/r_iic_master.o:(.text.R_IIC_MASTER_SlaveAddressSet)
    1e20     1e20        0     1                 $t
    1e21     1e21        a     1                 R_IIC_MASTER_SlaveAddressSet
    1e2a     1e2a        e     2         ./ra/fsp/src/r_iic_master/r_iic_master.o:(.text.R_IIC_MASTER_CallbackSet)
    1e2a     1e2a        0     1                 $t
    1e2b     1e2b        e     1                 R_IIC_MASTER_CallbackSet
    1e38     1e38       18     2         ./ra/fsp/src/r_iic_master/r_iic_master.o:(.text.R_IIC_MASTER_StatusGet)
    1e38     1e38        0     1                 $t
    1e39     1e39       18     1                 R_IIC_MASTER_StatusGet
    1e50     1e50       d8     2         ./ra/fsp/src/r_iic_master/r_iic_master.o:(.text.R_IIC_MASTER_Close)
    1e50     1e50        0     1                 $t
    1e51     1e51       d8     1                 R_IIC_MASTER_Close
    1f28     1f28      184     4         ./ra/fsp/src/r_iic_master/r_iic_master.o:(.text.iic_master_open_hw_master)
    1f28     1f28        0     1                 $t
    1f29     1f29      184     1                 iic_master_open_hw_master
    20ac     20ac      150     4         ./ra/fsp/src/r_iic_master/r_iic_master.o:(.text.iic_master_read_write)
    20ac     20ac        0     1                 $t
    20ad     20ad      150     1                 iic_master_read_write
    21fc     21fc      18a     2         ./ra/fsp/src/r_iic_master/r_iic_master.o:(.text.iic_master_rxi_isr)
    21fc     21fc        0     1                 $t
    21fd     21fd      18a     1                 iic_master_rxi_isr
    2388     2388      116     4         ./ra/fsp/src/r_iic_master/r_iic_master.o:(.text.iic_master_txi_isr)
    2388     2388        0     1                 $t
    2389     2389      116     1                 iic_master_txi_isr
    24a0     24a0       e4     4         ./ra/fsp/src/r_iic_master/r_iic_master.o:(.text.iic_master_tei_isr)
    24a0     24a0        0     1                 $t
    24a1     24a1       e4     1                 iic_master_tei_isr
    2584     2584      13c     2         ./ra/fsp/src/r_iic_master/r_iic_master.o:(.text.iic_master_eri_isr)
    2584     2584        0     1                 $t
    2585     2585      13c     1                 iic_master_eri_isr
    26c0     26c0       36     2         ./ra/fsp/src/r_iic_master/r_iic_master.o:(.text.iic_master_notify)
    26c0     26c0        0     1                 $t
    26c1     26c1       36     1                 iic_master_notify
    26f6     26f6       2c     2         ./ra/fsp/src/bsp/mcu/all/bsp_clocks.o:(.text.SystemCoreClockUpdate)
    26f6     26f6        0     1                 $t
    26f7     26f7       2c     1                 SystemCoreClockUpdate
    2724     2724       f2     4         ./ra/fsp/src/bsp/mcu/all/bsp_clocks.o:(.text.bsp_clock_init)
    2724     2724        0     1                 $t
    2725     2725       f2     1                 bsp_clock_init
    2816     2816       28     2         ./ra/fsp/src/bsp/mcu/all/bsp_clocks.o:(.text.R_BSP_Init_RTC)
    2816     2816        0     1                 $t
    2817     2817       28     1                 R_BSP_Init_RTC
    283e     283e       84     2         ./ra/fsp/src/bsp/mcu/all/bsp_delay.o:(.text.R_BSP_SoftwareDelay)
    283e     283e        0     1                 $t
    283f     283f       84     1                 R_BSP_SoftwareDelay
    28c2     28c2        8     2         ./ra/fsp/src/bsp/mcu/all/bsp_delay.o:(.text.bsp_prv_software_delay_loop)
    28c2     28c2        0     1                 sw_delay_loop
    28c2     28c2        0     1                 $t
    28c3     28c3        8     1                 bsp_prv_software_delay_loop
    28cc     28cc       44     4         ./ra/fsp/src/bsp/mcu/all/bsp_group_irq.o:(.text.NMI_Handler)
    28cc     28cc        0     1                 $t
    28cd     28cd       44     1                 NMI_Handler
    2910     2910       88     4         ./ra/fsp/src/bsp/mcu/all/bsp_irq.o:(.text.bsp_irq_cfg)
    2910     2910        0     1                 $t
    2911     2911       88     1                 bsp_irq_cfg
    2998     2998       52     2         ./ra/fsp/src/bsp/mcu/all/bsp_register_protection.o:(.text.R_BSP_RegisterProtectEnable)
    2998     2998        0     1                 $t
    2999     2999       52     1                 R_BSP_RegisterProtectEnable
    29ea     29ea       4e     2         ./ra/fsp/src/bsp/mcu/all/bsp_register_protection.o:(.text.R_BSP_RegisterProtectDisable)
    29ea     29ea        0     1                 $t
    29eb     29eb       4e     1                 R_BSP_RegisterProtectDisable
    2a38     2a38        a     4         ./ra/fsp/src/bsp/cmsis/Device/RENESAS/Source/startup.o:(.text.Reset_Handler)
    2a38     2a38        0     1                 $t
    2a39     2a39        a     1                 Reset_Handler
    2a42     2a42        4     2         ./ra/fsp/src/bsp/cmsis/Device/RENESAS/Source/startup.o:(.text.Default_Handler)
    2a42     2a42        0     1                 $t
    2a43     2a43        4     1                 Default_Handler
    2a43     2a43        4     1                 HardFault_Handler
    2a43     2a43        4     1                 MemManage_Handler
    2a43     2a43        4     1                 BusFault_Handler
    2a43     2a43        4     1                 UsageFault_Handler
    2a43     2a43        4     1                 SecureFault_Handler
    2a43     2a43        4     1                 SVC_Handler
    2a43     2a43        4     1                 DebugMon_Handler
    2a43     2a43        4     1                 PendSV_Handler
    2a43     2a43        4     1                 SysTick_Handler
    2a48     2a48       e0     4         ./ra/fsp/src/bsp/cmsis/Device/RENESAS/Source/system.o:(.text.SystemInit)
    2a48     2a48        0     1                 $t
    2a49     2a49       e0     1                 SystemInit
    2b28     2b28       5a     4         ./ra/fsp/src/bsp/cmsis/Device/RENESAS/Source/system.o:(.text.SystemRuntimeInit)
    2b28     2b28        0     1                 $t
    2b29     2b29       5a     1                 SystemRuntimeInit
    2b82     2b82        2     2         ./ra/board/ra6m5_ck/board_init.o:(.text.bsp_init)
    2b82     2b82        0     1                 $t
    2b83     2b83        2     1                 bsp_init
    2b88     2b88      78c     8         C:\Users\PC Hai Yen\Downloads\New folder\myADC\ra\fsp\lib\rm_zmod4xxx\cm33_llvm\lib_iaq_2nd_gen.a(iaq_2nd_gen.o):(.text.calc_iaq_2nd_gen_internal)
    2b88     2b88        0     1                 $t
    2b89     2b89      78c     1                 calc_iaq_2nd_gen_internal
    2dec     2dec        0     1                 $d
    2e20     2e20        0     1                 $t
    3290     3290        0     1                 $d
    3314     3314       9c     4         C:\Users\PC Hai Yen\Downloads\New folder\myADC\ra\fsp\lib\rm_zmod4xxx\cm33_llvm\lib_iaq_2nd_gen.a(iaq_2nd_gen.o):(.text.calc_tvoc2iaq)
    3314     3314        0     1                 $t
    3315     3315       9c     1                 calc_tvoc2iaq
    33ac     33ac        0     1                 $d
    33b0     33b0      224     8         C:\Users\PC Hai Yen\Downloads\New folder\myADC\ra\fsp\lib\rm_zmod4xxx\cm33_llvm\lib_iaq_2nd_gen.a(iaq_2nd_gen.o):(.text.calc_rel_iaq_internal)
    33b0     33b0        0     1                 $t
    33b1     33b1      224     1                 calc_rel_iaq_internal
    35b0     35b0        0     1                 $d
    35d4     35d4       54     2         C:\Users\PC Hai Yen\Downloads\New folder\myADC\ra\fsp\lib\rm_zmod4xxx\cm33_llvm\lib_iaq_2nd_gen.a(iaq_2nd_gen.o):(.text.init_iaq_2nd_gen)
    35d4     35d4        0     1                 $t
    35d5     35d5       54     1                 init_iaq_2nd_gen
    3628     3628      13c     4         C:\Users\PC Hai Yen\Downloads\New folder\myADC\ra\fsp\lib\rm_zmod4xxx\cm33_llvm\lib_iaq_2nd_gen.a(iaq_2nd_gen.o):(.text.calc_iaq_2nd_gen)
    3628     3628        0     1                 $t
    3629     3629      13c     1                 calc_iaq_2nd_gen
    3748     3748        0     1                 $d
    3764     3764       84     4         C:\Users\PC Hai Yen\Downloads\New folder\myADC\ra\fsp\lib\rm_zmod4xxx\cm33_llvm\lib_iaq_2nd_gen.a(iaq_2nd_gen.o):(.text.calc_rmox)
    3764     3764        0     1                 $t
    3765     3765       84     1                 calc_rmox
    37dc     37dc        0     1                 $d
    37e8     37e8       44     2         C:\Users\PC Hai Yen\Downloads\New folder\myADC\ra\fsp\lib\rm_zmod4xxx\cm33_llvm\lib_iaq_2nd_gen.a(iaq_2nd_gen_RH_nnet.o):(.text.calc_iaq_2nd_gen_RH_nnet)
    37e8     37e8        0     1                 $t
    37e9     37e9       44     1                 calc_iaq_2nd_gen_RH_nnet
    382c     382c       44     2         C:\Users\PC Hai Yen\Downloads\New folder\myADC\ra\fsp\lib\rm_zmod4xxx\cm33_llvm\lib_iaq_2nd_gen.a(iaq_2nd_gen_T_nnet.o):(.text.calc_iaq_2nd_gen_T_nnet)
    382c     382c        0     1                 $t
    382d     382d       44     1                 calc_iaq_2nd_gen_T_nnet
    3870     3870       44     2         C:\Users\PC Hai Yen\Downloads\New folder\myADC\ra\fsp\lib\rm_zmod4xxx\cm33_llvm\lib_iaq_2nd_gen.a(iaq_2nd_gen_V6_nnet.o):(.text.calc_iaq_2nd_gen_V6_nnet)
    3870     3870        0     1                 $t
    3871     3871       44     1                 calc_iaq_2nd_gen_V6_nnet
    38b4     38b4       62     2         C:\Users\PC Hai Yen\Downloads\New folder\myADC\ra\fsp\lib\rm_zmod4xxx\cm33_llvm\lib_iaq_2nd_gen.a(iaq_2nd_gen_nnet.o):(.text.calc_iaq_2nd_gen_nnet)
    38b4     38b4        0     1                 $t
    38b5     38b5       62     1                 calc_iaq_2nd_gen_nnet
    3918     3918       58     4         C:\Users\PC Hai Yen\Downloads\New folder\myADC\ra\fsp\lib\rm_zmod4xxx\cm33_llvm\lib_iaq_2nd_gen.a(nnet_funcs.o):(.text.nnet_funcs_safe_exp)
    3918     3918        0     1                 $t
    3919     3919       58     1                 nnet_funcs_safe_exp
    3960     3960        0     1                 $d
    3970     3970       3e     4         C:\Users\PC Hai Yen\Downloads\New folder\myADC\ra\fsp\lib\rm_zmod4xxx\cm33_llvm\lib_iaq_2nd_gen.a(nnet_funcs.o):(.text.nnet_funcs_tanh)
    3970     3970        0     1                 $t
    3971     3971       3e     1                 nnet_funcs_tanh
    39b0     39b0       20     4         C:\Users\PC Hai Yen\Downloads\New folder\myADC\ra\fsp\lib\rm_zmod4xxx\cm33_llvm\lib_iaq_2nd_gen.a(nnet_funcs.o):(.text.nnet_funcs_relu)
    39b0     39b0        0     1                 $t
    39b1     39b1       20     1                 nnet_funcs_relu
    39cc     39cc        0     1                 $d
    39d0     39d0       46     4         C:\Users\PC Hai Yen\Downloads\New folder\myADC\ra\fsp\lib\rm_zmod4xxx\cm33_llvm\lib_iaq_2nd_gen.a(nnet_funcs.o):(.text.nnet_funcs_dotbias)
    39d0     39d0        0     1                 $t
    39d1     39d1       46     1                 nnet_funcs_dotbias
    3a16     3a16       7c     2         C:\Renesas\RA\e2studio_v2025-12_fsp_v6.3.0\toolchains\llvm_arm\ATfE-21.1.1-Windows-x86_64\bin\..\lib\clang-runtimes/arm-none-eabi/armv8m.main_hard_fp_exn_rtti_unaligned_size\lib\libclang_rt.builtins.a(extendsfdf2.c.obj):(.text.__extendsfdf2)
    3a16     3a16        0     1                 $t
    3a17     3a17       7c     1                 __extendsfdf2
    3a92     3a92       10     2         C:\Renesas\RA\e2studio_v2025-12_fsp_v6.3.0\toolchains\llvm_arm\ATfE-21.1.1-Windows-x86_64\bin\..\lib\clang-runtimes/arm-none-eabi/armv8m.main_hard_fp_exn_rtti_unaligned_size\lib\libclang_rt.builtins.a(extendsfdf2.c.obj):(.text.__aeabi_f2d)
    3a92     3a92        0     1                 $t
    3a93     3a93       10     1                 __aeabi_f2d
    3aa2     3aa2      128     2         C:\Renesas\RA\e2studio_v2025-12_fsp_v6.3.0\toolchains\llvm_arm\ATfE-21.1.1-Windows-x86_64\bin\..\lib\clang-runtimes/arm-none-eabi/armv8m.main_hard_fp_exn_rtti_unaligned_size\lib\libclang_rt.builtins.a(truncdfsf2.c.obj):(.text.__truncdfsf2)
    3aa2     3aa2        0     1                 $t
    3aa3     3aa3      128     1                 __truncdfsf2
    3bca     3bca       10     2         C:\Renesas\RA\e2studio_v2025-12_fsp_v6.3.0\toolchains\llvm_arm\ATfE-21.1.1-Windows-x86_64\bin\..\lib\clang-runtimes/arm-none-eabi/armv8m.main_hard_fp_exn_rtti_unaligned_size\lib\libclang_rt.builtins.a(truncdfsf2.c.obj):(.text.__aeabi_d2f)
    3bca     3bca        0     1                 $t
    3bcb     3bcb       10     1                 __aeabi_d2f
    3bdc     3bdc       8a     4         C:\Renesas\RA\e2studio_v2025-12_fsp_v6.3.0\toolchains\llvm_arm\ATfE-21.1.1-Windows-x86_64\bin\..\lib\clang-runtimes/arm-none-eabi/armv8m.main_hard_fp_exn_rtti_unaligned_size\lib\libclang_rt.builtins.a(aeabi_dcmp.S.obj):(.text)
    3bdc     3bdc        0     1                 $t
    3bdd     3bdd       1a     1                 __aeabi_dcmpeq
    3bf9     3bf9       1a     1                 __aeabi_dcmplt
    3c15     3c15       1a     1                 __aeabi_dcmple
    3c31     3c31       1a     1                 __aeabi_dcmpge
    3c4d     3c4d       1a     1                 __aeabi_dcmpgt
    3c66     3c66       62     2         C:\Renesas\RA\e2studio_v2025-12_fsp_v6.3.0\toolchains\llvm_arm\ATfE-21.1.1-Windows-x86_64\bin\..\lib\clang-runtimes/arm-none-eabi/armv8m.main_hard_fp_exn_rtti_unaligned_size\lib\libclang_rt.builtins.a(comparedf2.c.obj):(.text.__ledf2)
    3c66     3c66        0     1                 $t
    3c67     3c67       62     1                 __ledf2
    3c67     3c67       62     1                 __cmpdf2
    3c67     3c67       62     1                 __eqdf2
    3c67     3c67       62     1                 __ltdf2
    3c67     3c67       62     1                 __nedf2
    3cc8     3cc8       64     2         C:\Renesas\RA\e2studio_v2025-12_fsp_v6.3.0\toolchains\llvm_arm\ATfE-21.1.1-Windows-x86_64\bin\..\lib\clang-runtimes/arm-none-eabi/armv8m.main_hard_fp_exn_rtti_unaligned_size\lib\libclang_rt.builtins.a(comparedf2.c.obj):(.text.__gedf2)
    3cc8     3cc8        0     1                 $t
    3cc9     3cc9       64     1                 __gedf2
    3cc9     3cc9       64     1                 __gtdf2
    3d2c     3d2c      1c6     2         C:\Renesas\RA\e2studio_v2025-12_fsp_v6.3.0\toolchains\llvm_arm\ATfE-21.1.1-Windows-x86_64\bin\..\lib\clang-runtimes/arm-none-eabi/armv8m.main_hard_fp_exn_rtti_unaligned_size\lib\libclang_rt.builtins.a(udivmoddi4.c.obj):(.text.__udivmoddi4)
    3d2c     3d2c        0     1                 $t
    3d2d     3d2d      1c6     1                 __udivmoddi4
    3ef2     3ef2        8     2         C:\Renesas\RA\e2studio_v2025-12_fsp_v6.3.0\toolchains\llvm_arm\ATfE-21.1.1-Windows-x86_64\bin\..\lib\clang-runtimes/arm-none-eabi/armv8m.main_hard_fp_exn_rtti_unaligned_size\lib\libc.a(bzero.c.o):(.text.bzero)
    3ef2     3ef2        0     1                 $t
    3ef3     3ef3        8     1                 bzero
    3ef3     3ef3        8     1                 __aeabi_memclr4
    3ef3     3ef3        8     1                 __aeabi_memclr8
    3ef3     3ef3        8     1                 __aeabi_memclr
    3efa     3efa       12     2         C:\Renesas\RA\e2studio_v2025-12_fsp_v6.3.0\toolchains\llvm_arm\ATfE-21.1.1-Windows-x86_64\bin\..\lib\clang-runtimes/arm-none-eabi/armv8m.main_hard_fp_exn_rtti_unaligned_size\lib\libc.a(memcpy.c.o):(.text.memcpy)
    3efa     3efa        0     1                 $t
    3efb     3efb       12     1                 memcpy
    3efb     3efb       12     1                 __aeabi_memcpy4
    3efb     3efb       12     1                 __aeabi_memcpy8
    3efb     3efb       12     1                 __aeabi_memcpy
    3f0c     3f0c        e     2         C:\Renesas\RA\e2studio_v2025-12_fsp_v6.3.0\toolchains\llvm_arm\ATfE-21.1.1-Windows-x86_64\bin\..\lib\clang-runtimes/arm-none-eabi/armv8m.main_hard_fp_exn_rtti_unaligned_size\lib\libc.a(memset.c.o):(.text.memset)
    3f0c     3f0c        0     1                 $t
    3f0d     3f0d        e     1                 memset
    3f1c     3f1c       10     4         C:\Renesas\RA\e2studio_v2025-12_fsp_v6.3.0\toolchains\llvm_arm\ATfE-21.1.1-Windows-x86_64\bin\..\lib\clang-runtimes/arm-none-eabi/armv8m.main_hard_fp_exn_rtti_unaligned_size\lib\libc.a(strlen.S.o):(.text)
    3f1c     3f1c        0     1                 $t
    3f1d     3f1d       10     1                 strlen
    3f2c     3f2c       28     4         C:\Renesas\RA\e2studio_v2025-12_fsp_v6.3.0\toolchains\llvm_arm\ATfE-21.1.1-Windows-x86_64\bin\..\lib\clang-runtimes/arm-none-eabi/armv8m.main_hard_fp_exn_rtti_unaligned_size\lib\libc.a(libc_picolib_inittls.c.o):(.text._init_tls)
    3f2c     3f2c        0     1                 $t
    3f2d     3f2d       28     1                 _init_tls
    3f44     3f44        0     1                 $d
    3f54     3f54       14     4         C:\Renesas\RA\e2studio_v2025-12_fsp_v6.3.0\toolchains\llvm_arm\ATfE-21.1.1-Windows-x86_64\bin\..\lib\clang-runtimes/arm-none-eabi/armv8m.main_hard_fp_exn_rtti_unaligned_size\lib\libc.a(libc_picolib_machine_arm_set_tls.c.o):(.text._set_tls)
    3f54     3f54        0     1                 $t
    3f55     3f55       14     1                 _set_tls
    3f60     3f60        0     1                 $d
    3f68     3f68       50     4         C:\Renesas\RA\e2studio_v2025-12_fsp_v6.3.0\toolchains\llvm_arm\ATfE-21.1.1-Windows-x86_64\bin\..\lib\clang-runtimes/arm-none-eabi/armv8m.main_hard_fp_exn_rtti_unaligned_size\lib\libc.a(libc_tinystdio_snprintf.c.o):(.text.snprintf)
    3f68     3f68        0     1                 $t
    3f69     3f69       50     1                 snprintf
    3fb4     3fb4        0     1                 $d
    3fb8     3fb8       10     2         C:\Renesas\RA\e2studio_v2025-12_fsp_v6.3.0\toolchains\llvm_arm\ATfE-21.1.1-Windows-x86_64\bin\..\lib\clang-runtimes/arm-none-eabi/armv8m.main_hard_fp_exn_rtti_unaligned_size\lib\libc.a(libc_tinystdio_filestrput.c.o):(.text.__file_str_put)
    3fb8     3fb8        0     1                 $t
    3fb9     3fb9       10     1                 __file_str_put
    3fc8     3fc8      940     4         C:\Renesas\RA\e2studio_v2025-12_fsp_v6.3.0\toolchains\llvm_arm\ATfE-21.1.1-Windows-x86_64\bin\..\lib\clang-runtimes/arm-none-eabi/armv8m.main_hard_fp_exn_rtti_unaligned_size\lib\libc.a(libc_tinystdio_vfprintf.c.o):(.text.vfprintf)
    3fc8     3fc8        0     1                 $t
    3fc9     3fc9      940     1                 vfprintf
    3fc9     3fc9      940     1                 __d_vfprintf
    404a     404a        0     1                 $d
    4054     4054        0     1                 $t
    4244     4244        0     1                 $d
    4252     4252        0     1                 $t
    48fc     48fc        0     1                 $d
    4908     4908      154     4         C:\Renesas\RA\e2studio_v2025-12_fsp_v6.3.0\toolchains\llvm_arm\ATfE-21.1.1-Windows-x86_64\bin\..\lib\clang-runtimes/arm-none-eabi/armv8m.main_hard_fp_exn_rtti_unaligned_size\lib\libc.a(libc_tinystdio_vfprintf.c.o):(.text.skip_to_arg)
    4908     4908        0     1                 $t
    4909     4909      154     1                 skip_to_arg
    4a58     4a58        0     1                 $d
    4a5c     4a5c       44     2         C:\Renesas\RA\e2studio_v2025-12_fsp_v6.3.0\toolchains\llvm_arm\ATfE-21.1.1-Windows-x86_64\bin\..\lib\clang-runtimes/arm-none-eabi/armv8m.main_hard_fp_exn_rtti_unaligned_size\lib\libc.a(libc_tinystdio_vfprintf.c.o):(.text.__ultoa_invert)
    4a5c     4a5c        0     1                 $t
    4a5d     4a5d       44     1                 __ultoa_invert
    4aa0     4aa0       12     2         C:\Renesas\RA\e2studio_v2025-12_fsp_v6.3.0\toolchains\llvm_arm\ATfE-21.1.1-Windows-x86_64\bin\..\lib\clang-runtimes/arm-none-eabi/armv8m.main_hard_fp_exn_rtti_unaligned_size\lib\libc.a(libc_tinystdio_vfprintf.c.o):(.text.OUTLINED_FUNCTION_0)
    4aa0     4aa0        0     1                 $t
    4aa1     4aa1       12     1                 OUTLINED_FUNCTION_0
    4ab2     4ab2        8     2         C:\Renesas\RA\e2studio_v2025-12_fsp_v6.3.0\toolchains\llvm_arm\ATfE-21.1.1-Windows-x86_64\bin\..\lib\clang-runtimes/arm-none-eabi/armv8m.main_hard_fp_exn_rtti_unaligned_size\lib\libc.a(libc_tinystdio_vfprintf.c.o):(.text.OUTLINED_FUNCTION_1)
    4ab2     4ab2        0     1                 $t
    4ab3     4ab3        8     1                 OUTLINED_FUNCTION_1
    4aba     4aba        8     2         C:\Renesas\RA\e2studio_v2025-12_fsp_v6.3.0\toolchains\llvm_arm\ATfE-21.1.1-Windows-x86_64\bin\..\lib\clang-runtimes/arm-none-eabi/armv8m.main_hard_fp_exn_rtti_unaligned_size\lib\libc.a(libc_tinystdio_vfprintf.c.o):(.text.OUTLINED_FUNCTION_2)
    4aba     4aba        0     1                 $t
    4abb     4abb        8     1                 OUTLINED_FUNCTION_2
    4ac2     4ac2        8     2         C:\Renesas\RA\e2studio_v2025-12_fsp_v6.3.0\toolchains\llvm_arm\ATfE-21.1.1-Windows-x86_64\bin\..\lib\clang-runtimes/arm-none-eabi/armv8m.main_hard_fp_exn_rtti_unaligned_size\lib\libc.a(libc_tinystdio_vfprintf.c.o):(.text.OUTLINED_FUNCTION_3)
    4ac2     4ac2        0     1                 $t
    4ac3     4ac3        8     1                 OUTLINED_FUNCTION_3
    4aca     4aca        8     2         C:\Renesas\RA\e2studio_v2025-12_fsp_v6.3.0\toolchains\llvm_arm\ATfE-21.1.1-Windows-x86_64\bin\..\lib\clang-runtimes/arm-none-eabi/armv8m.main_hard_fp_exn_rtti_unaligned_size\lib\libc.a(libc_tinystdio_vfprintf.c.o):(.text.OUTLINED_FUNCTION_4)
    4aca     4aca        0     1                 $t
    4acb     4acb        8     1                 OUTLINED_FUNCTION_4
    4ad2     4ad2        6     2         C:\Renesas\RA\e2studio_v2025-12_fsp_v6.3.0\toolchains\llvm_arm\ATfE-21.1.1-Windows-x86_64\bin\..\lib\clang-runtimes/arm-none-eabi/armv8m.main_hard_fp_exn_rtti_unaligned_size\lib\libc.a(libc_tinystdio_vfprintf.c.o):(.text.OUTLINED_FUNCTION_5)
    4ad2     4ad2        0     1                 $t
    4ad3     4ad3        6     1                 OUTLINED_FUNCTION_5
    4ad8     4ad8      108     4         C:\Renesas\RA\e2studio_v2025-12_fsp_v6.3.0\toolchains\llvm_arm\ATfE-21.1.1-Windows-x86_64\bin\..\lib\clang-runtimes/arm-none-eabi/armv8m.main_hard_fp_exn_rtti_unaligned_size\lib\libc.a(libc_tinystdio_dtox_engine.c.o):(.text.__dtox_engine)
    4ad8     4ad8        0     1                 $t
    4ad9     4ad9      108     1                 __dtox_engine
    4bdc     4bdc        0     1                 $d
    4be0     4be0       22     2         C:\Renesas\RA\e2studio_v2025-12_fsp_v6.3.0\toolchains\llvm_arm\ATfE-21.1.1-Windows-x86_64\bin\..\lib\clang-runtimes/arm-none-eabi/armv8m.main_hard_fp_exn_rtti_unaligned_size\lib\libclang_rt.builtins.a(ashldi3.c.obj):(.text.__ashldi3)
    4be0     4be0        0     1                 $t
    4be1     4be1       22     1                 __ashldi3
    4be1     4be1       22     1                 __aeabi_llsl
    4c02     4c02       22     2         C:\Renesas\RA\e2studio_v2025-12_fsp_v6.3.0\toolchains\llvm_arm\ATfE-21.1.1-Windows-x86_64\bin\..\lib\clang-runtimes/arm-none-eabi/armv8m.main_hard_fp_exn_rtti_unaligned_size\lib\libclang_rt.builtins.a(lshrdi3.c.obj):(.text.__lshrdi3)
    4c02     4c02        0     1                 $t
    4c03     4c03       22     1                 __lshrdi3
    4c03     4c03       22     1                 __aeabi_llsr
    4c24     4c24       18     2         C:\Renesas\RA\e2studio_v2025-12_fsp_v6.3.0\toolchains\llvm_arm\ATfE-21.1.1-Windows-x86_64\bin\..\lib\clang-runtimes/arm-none-eabi/armv8m.main_hard_fp_exn_rtti_unaligned_size\lib\libc.a(libc_string_strnlen.c.o):(.text.strnlen)
    4c24     4c24        0     1                 $t
    4c25     4c25       18     1                 strnlen
    4c3c     4c3c       14     4         C:\Renesas\RA\e2studio_v2025-12_fsp_v6.3.0\toolchains\llvm_arm\ATfE-21.1.1-Windows-x86_64\bin\..\lib\clang-runtimes/arm-none-eabi/armv8m.main_hard_fp_exn_rtti_unaligned_size\lib\libclang_rt.builtins.a(aeabi_uldivmod.S.obj):(.text)
    4c3c     4c3c        0     1                 $t
    4c3d     4c3d       14     1                 __aeabi_uldivmod
    4c50     4c50      442     2         C:\Renesas\RA\e2studio_v2025-12_fsp_v6.3.0\toolchains\llvm_arm\ATfE-21.1.1-Windows-x86_64\bin\..\lib\clang-runtimes/arm-none-eabi/armv8m.main_hard_fp_exn_rtti_unaligned_size\lib\libc.a(libc_tinystdio_dtoa_ryu.c.o):(.text.__dtoa_engine)
    4c50     4c50        0     1                 $t
    4c51     4c51      442     1                 __dtoa_engine
    5092     5092       10     2         C:\Renesas\RA\e2studio_v2025-12_fsp_v6.3.0\toolchains\llvm_arm\ATfE-21.1.1-Windows-x86_64\bin\..\lib\clang-runtimes/arm-none-eabi/armv8m.main_hard_fp_exn_rtti_unaligned_size\lib\libc.a(libc_tinystdio_dtoa_ryu.c.o):(.text.div10)
    5092     5092        0     1                 $t
    5093     5093       10     1                 div10
    50a4     50a4       1c     4         C:\Renesas\RA\e2studio_v2025-12_fsp_v6.3.0\toolchains\llvm_arm\ATfE-21.1.1-Windows-x86_64\bin\..\lib\clang-runtimes/arm-none-eabi/armv8m.main_hard_fp_exn_rtti_unaligned_size\lib\libc.a(libc_tinystdio_dtoa_ryu.c.o):(.text.umulh)
    50a4     50a4        0     1                 $t
    50a5     50a5       1c     1                 umulh
    50bc     50bc        0     1                 $d
    50c0     50c0      198     2         C:\Renesas\RA\e2studio_v2025-12_fsp_v6.3.0\toolchains\llvm_arm\ATfE-21.1.1-Windows-x86_64\bin\..\lib\clang-runtimes/arm-none-eabi/armv8m.main_hard_fp_exn_rtti_unaligned_size\lib\libc.a(libc_tinystdio_dtoa_ryu.c.o):(.text.mulShiftAll64)
    50c0     50c0        0     1                 $t
    50c1     50c1      198     1                 mulShiftAll64
    5258     5258       26     2         C:\Renesas\RA\e2studio_v2025-12_fsp_v6.3.0\toolchains\llvm_arm\ATfE-21.1.1-Windows-x86_64\bin\..\lib\clang-runtimes/arm-none-eabi/armv8m.main_hard_fp_exn_rtti_unaligned_size\lib\libc.a(libc_tinystdio_dtoa_ryu.c.o):(.text.decimalLength17)
    5258     5258        0     1                 $t
    5259     5259       26     1                 decimalLength17
    527e     527e       18     2         C:\Renesas\RA\e2studio_v2025-12_fsp_v6.3.0\toolchains\llvm_arm\ATfE-21.1.1-Windows-x86_64\bin\..\lib\clang-runtimes/arm-none-eabi/armv8m.main_hard_fp_exn_rtti_unaligned_size\lib\libc.a(libc_tinystdio_dtoa_ryu.c.o):(.text.OUTLINED_FUNCTION_0)
    527e     527e        0     1                 $t
    527f     527f       18     1                 OUTLINED_FUNCTION_0
    5298     5298        c     4         C:\Renesas\RA\e2studio_v2025-12_fsp_v6.3.0\toolchains\llvm_arm\ATfE-21.1.1-Windows-x86_64\bin\..\lib\clang-runtimes/arm-none-eabi/armv8m.main_hard_fp_exn_rtti_unaligned_size\lib\libc.a(libc_tinystdio_ryu_log10.c.o):(.text.__log10Pow2)
    5298     5298        0     1                 $t
    5299     5299        c     1                 __log10Pow2
    52a0     52a0        0     1                 $d
    52a4     52a4        c     4         C:\Renesas\RA\e2studio_v2025-12_fsp_v6.3.0\toolchains\llvm_arm\ATfE-21.1.1-Windows-x86_64\bin\..\lib\clang-runtimes/arm-none-eabi/armv8m.main_hard_fp_exn_rtti_unaligned_size\lib\libc.a(libc_tinystdio_ryu_log10.c.o):(.text.__log10Pow5)
    52a4     52a4        0     1                 $t
    52a5     52a5        c     1                 __log10Pow5
    52ac     52ac        0     1                 $d
    52b0     52b0       10     4         C:\Renesas\RA\e2studio_v2025-12_fsp_v6.3.0\toolchains\llvm_arm\ATfE-21.1.1-Windows-x86_64\bin\..\lib\clang-runtimes/arm-none-eabi/armv8m.main_hard_fp_exn_rtti_unaligned_size\lib\libc.a(libc_tinystdio_ryu_pow5bits.c.o):(.text.__pow5bits)
    52b0     52b0        0     1                 $t
    52b1     52b1       10     1                 __pow5bits
    52bc     52bc        0     1                 $d
    52c0     52c0       34     4         C:\Renesas\RA\e2studio_v2025-12_fsp_v6.3.0\toolchains\llvm_arm\ATfE-21.1.1-Windows-x86_64\bin\..\lib\clang-runtimes/arm-none-eabi/armv8m.main_hard_fp_exn_rtti_unaligned_size\lib\libc.a(libc_tinystdio_ryu_table.c.o):(.text.__pow5Factor)
    52c0     52c0        0     1                 $t
    52c1     52c1       34     1                 __pow5Factor
    52ec     52ec        0     1                 $d
    52f4     52f4       cc     4         C:\Renesas\RA\e2studio_v2025-12_fsp_v6.3.0\toolchains\llvm_arm\ATfE-21.1.1-Windows-x86_64\bin\..\lib\clang-runtimes/arm-none-eabi/armv8m.main_hard_fp_exn_rtti_unaligned_size\lib\libc.a(libc_tinystdio_ryu_table.c.o):(.text.__double_computePow5)
    52f4     52f4        0     1                 $t
    52f5     52f5       cc     1                 __double_computePow5
    53b4     53b4        0     1                 $d
    53c0     53c0       d0     4         C:\Renesas\RA\e2studio_v2025-12_fsp_v6.3.0\toolchains\llvm_arm\ATfE-21.1.1-Windows-x86_64\bin\..\lib\clang-runtimes/arm-none-eabi/armv8m.main_hard_fp_exn_rtti_unaligned_size\lib\libc.a(libc_tinystdio_ryu_table.c.o):(.text.__double_computeInvPow5)
    53c0     53c0        0     1                 $t
    53c1     53c1       d0     1                 __double_computeInvPow5
    5484     5484        0     1                 $d
    5490     5490        8     2         C:\Renesas\RA\e2studio_v2025-12_fsp_v6.3.0\toolchains\llvm_arm\ATfE-21.1.1-Windows-x86_64\bin\..\lib\clang-runtimes/arm-none-eabi/armv8m.main_hard_fp_exn_rtti_unaligned_size\lib\libc.a(libc_tinystdio_ryu_table.c.o):(.text.OUTLINED_FUNCTION_0)
    5490     5490        0     1                 $t
    5491     5491        8     1                 OUTLINED_FUNCTION_0
    5498     5498       10     2         C:\Renesas\RA\e2studio_v2025-12_fsp_v6.3.0\toolchains\llvm_arm\ATfE-21.1.1-Windows-x86_64\bin\..\lib\clang-runtimes/arm-none-eabi/armv8m.main_hard_fp_exn_rtti_unaligned_size\lib\libc.a(libc_tinystdio_ryu_table.c.o):(.text.OUTLINED_FUNCTION_1)
    5498     5498        0     1                 $t
    5499     5499       10     1                 OUTLINED_FUNCTION_1
    54a8     54a8       10     2         C:\Renesas\RA\e2studio_v2025-12_fsp_v6.3.0\toolchains\llvm_arm\ATfE-21.1.1-Windows-x86_64\bin\..\lib\clang-runtimes/arm-none-eabi/armv8m.main_hard_fp_exn_rtti_unaligned_size\lib\libc.a(libc_tinystdio_ryu_table.c.o):(.text.OUTLINED_FUNCTION_2)
    54a8     54a8        0     1                 $t
    54a9     54a9       10     1                 OUTLINED_FUNCTION_2
    54b8     54b8       10     2         C:\Renesas\RA\e2studio_v2025-12_fsp_v6.3.0\toolchains\llvm_arm\ATfE-21.1.1-Windows-x86_64\bin\..\lib\clang-runtimes/arm-none-eabi/armv8m.main_hard_fp_exn_rtti_unaligned_size\lib\libc.a(libc_tinystdio_ryu_table.c.o):(.text.OUTLINED_FUNCTION_3)
    54b8     54b8        0     1                 $t
    54b9     54b9       10     1                 OUTLINED_FUNCTION_3
    54c8     54c8        e     2         C:\Renesas\RA\e2studio_v2025-12_fsp_v6.3.0\toolchains\llvm_arm\ATfE-21.1.1-Windows-x86_64\bin\..\lib\clang-runtimes/arm-none-eabi/armv8m.main_hard_fp_exn_rtti_unaligned_size\lib\libc.a(libc_tinystdio_ryu_table.c.o):(.text.OUTLINED_FUNCTION_4)
    54c8     54c8        0     1                 $t
    54c9     54c9        e     1                 OUTLINED_FUNCTION_4
    54d6     54d6       38     2         C:\Renesas\RA\e2studio_v2025-12_fsp_v6.3.0\toolchains\llvm_arm\ATfE-21.1.1-Windows-x86_64\bin\..\lib\clang-runtimes/arm-none-eabi/armv8m.main_hard_fp_exn_rtti_unaligned_size\lib\libc.a(libc_tinystdio_ryu_umul128.c.o):(.text.__umul128)
    54d6     54d6        0     1                 $t
    54d7     54d7       38     1                 __umul128
    550e     550e       30     2         C:\Renesas\RA\e2studio_v2025-12_fsp_v6.3.0\toolchains\llvm_arm\ATfE-21.1.1-Windows-x86_64\bin\..\lib\clang-runtimes/arm-none-eabi/armv8m.main_hard_fp_exn_rtti_unaligned_size\lib\libc.a(libc_tinystdio_ryu_umul128.c.o):(.text.__shiftright128)
    550e     550e        0     1                 $t
    550f     550f       30     1                 __shiftright128
    553e     553e        6     2         C:\Renesas\RA\e2studio_v2025-12_fsp_v6.3.0\toolchains\llvm_arm\ATfE-21.1.1-Windows-x86_64\bin\..\lib\clang-runtimes/arm-none-eabi/armv8m.main_hard_fp_exn_rtti_unaligned_size\lib\libc.a(libm_machine_arm_sf_sqrt.c.o):(.text.sqrtf)
    553e     553e        0     1                 $t
    553f     553f        6     1                 sqrtf
    5548     5548      308     8         C:\Renesas\RA\e2studio_v2025-12_fsp_v6.3.0\toolchains\llvm_arm\ATfE-21.1.1-Windows-x86_64\bin\..\lib\clang-runtimes/arm-none-eabi/armv8m.main_hard_fp_exn_rtti_unaligned_size\lib\libc.a(libm_math_s_exp.c.o):(.text.exp)
    5548     5548        0     1                 $t
    5549     5549      308     1                 exp
    5549     5549      308     1                 expl
    57b0     57b0        0     1                 $d
    5850     5850        c     2         C:\Renesas\RA\e2studio_v2025-12_fsp_v6.3.0\toolchains\llvm_arm\ATfE-21.1.1-Windows-x86_64\bin\..\lib\clang-runtimes/arm-none-eabi/armv8m.main_hard_fp_exn_rtti_unaligned_size\lib\libc.a(libm_math_s_exp.c.o):(.text.OUTLINED_FUNCTION_0)
    5850     5850        0     1                 $t
    5851     5851        c     1                 OUTLINED_FUNCTION_0
    585c     585c        8     2         C:\Renesas\RA\e2studio_v2025-12_fsp_v6.3.0\toolchains\llvm_arm\ATfE-21.1.1-Windows-x86_64\bin\..\lib\clang-runtimes/arm-none-eabi/armv8m.main_hard_fp_exn_rtti_unaligned_size\lib\libc.a(libm_math_s_exp.c.o):(.text.OUTLINED_FUNCTION_1)
    585c     585c        0     1                 $t
    585d     585d        8     1                 OUTLINED_FUNCTION_1
    5864     5864        8     2         C:\Renesas\RA\e2studio_v2025-12_fsp_v6.3.0\toolchains\llvm_arm\ATfE-21.1.1-Windows-x86_64\bin\..\lib\clang-runtimes/arm-none-eabi/armv8m.main_hard_fp_exn_rtti_unaligned_size\lib\libc.a(libm_math_s_exp.c.o):(.text.OUTLINED_FUNCTION_2)
    5864     5864        0     1                 $t
    5865     5865        8     1                 OUTLINED_FUNCTION_2
    586c     586c        c     2         C:\Renesas\RA\e2studio_v2025-12_fsp_v6.3.0\toolchains\llvm_arm\ATfE-21.1.1-Windows-x86_64\bin\..\lib\clang-runtimes/arm-none-eabi/armv8m.main_hard_fp_exn_rtti_unaligned_size\lib\libc.a(libm_math_s_exp.c.o):(.text.OUTLINED_FUNCTION_3)
    586c     586c        0     1                 $t
    586d     586d        c     1                 OUTLINED_FUNCTION_3
    5878     5878        c     2         C:\Renesas\RA\e2studio_v2025-12_fsp_v6.3.0\toolchains\llvm_arm\ATfE-21.1.1-Windows-x86_64\bin\..\lib\clang-runtimes/arm-none-eabi/armv8m.main_hard_fp_exn_rtti_unaligned_size\lib\libc.a(libm_math_s_exp.c.o):(.text.OUTLINED_FUNCTION_4)
    5878     5878        0     1                 $t
    5879     5879        c     1                 OUTLINED_FUNCTION_4
    5888     5888      370     8         C:\Renesas\RA\e2studio_v2025-12_fsp_v6.3.0\toolchains\llvm_arm\ATfE-21.1.1-Windows-x86_64\bin\..\lib\clang-runtimes/arm-none-eabi/armv8m.main_hard_fp_exn_rtti_unaligned_size\lib\libclang_rt.builtins.a(adddf3.c.obj):(.text.__adddf3)
    5888     5888        0     1                 $t
    5889     5889      370     1                 __adddf3
    5be8     5be8        0     1                 $d
    5bf8     5bf8       14     2         C:\Renesas\RA\e2studio_v2025-12_fsp_v6.3.0\toolchains\llvm_arm\ATfE-21.1.1-Windows-x86_64\bin\..\lib\clang-runtimes/arm-none-eabi/armv8m.main_hard_fp_exn_rtti_unaligned_size\lib\libclang_rt.builtins.a(adddf3.c.obj):(.text.__aeabi_dadd)
    5bf8     5bf8        0     1                 $t
    5bf9     5bf9       14     1                 __aeabi_dadd
    5c0c     5c0c       18     4         C:\Renesas\RA\e2studio_v2025-12_fsp_v6.3.0\toolchains\llvm_arm\ATfE-21.1.1-Windows-x86_64\bin\..\lib\clang-runtimes/arm-none-eabi/armv8m.main_hard_fp_exn_rtti_unaligned_size\lib\libclang_rt.builtins.a(fp_mode.c.obj):(.text.__fe_getround)
    5c0c     5c0c        0     1                 $t
    5c0d     5c0d       18     1                 __fe_getround
    5c20     5c20        0     1                 $d
    5c24     5c24       10     2         C:\Renesas\RA\e2studio_v2025-12_fsp_v6.3.0\toolchains\llvm_arm\ATfE-21.1.1-Windows-x86_64\bin\..\lib\clang-runtimes/arm-none-eabi/armv8m.main_hard_fp_exn_rtti_unaligned_size\lib\libclang_rt.builtins.a(fp_mode.c.obj):(.text.__fe_raise_inexact)
    5c24     5c24        0     1                 $t
    5c25     5c25       10     1                 __fe_raise_inexact
    5c34     5c34       2c     2         C:\Renesas\RA\e2studio_v2025-12_fsp_v6.3.0\toolchains\llvm_arm\ATfE-21.1.1-Windows-x86_64\bin\..\lib\clang-runtimes/arm-none-eabi/armv8m.main_hard_fp_exn_rtti_unaligned_size\lib\libclang_rt.builtins.a(subdf3.c.obj):(.text.__aeabi_dsub)
    5c34     5c34        0     1                 $t
    5c35     5c35       2c     1                 __aeabi_dsub
    5c60     5c60      2a0     8         C:\Renesas\RA\e2studio_v2025-12_fsp_v6.3.0\toolchains\llvm_arm\ATfE-21.1.1-Windows-x86_64\bin\..\lib\clang-runtimes/arm-none-eabi/armv8m.main_hard_fp_exn_rtti_unaligned_size\lib\libclang_rt.builtins.a(muldf3.c.obj):(.text.__muldf3)
    5c60     5c60        0     1                 $t
    5c61     5c61      2a0     1                 __muldf3
    5ef8     5ef8        0     1                 $d
    5f00     5f00       14     2         C:\Renesas\RA\e2studio_v2025-12_fsp_v6.3.0\toolchains\llvm_arm\ATfE-21.1.1-Windows-x86_64\bin\..\lib\clang-runtimes/arm-none-eabi/armv8m.main_hard_fp_exn_rtti_unaligned_size\lib\libclang_rt.builtins.a(muldf3.c.obj):(.text.__aeabi_dmul)
    5f00     5f00        0     1                 $t
    5f01     5f01       14     1                 __aeabi_dmul
    5f14     5f14       58     2         C:\Renesas\RA\e2studio_v2025-12_fsp_v6.3.0\toolchains\llvm_arm\ATfE-21.1.1-Windows-x86_64\bin\..\lib\clang-runtimes/arm-none-eabi/armv8m.main_hard_fp_exn_rtti_unaligned_size\lib\libclang_rt.builtins.a(fixdfsi.c.obj):(.text.__aeabi_d2iz)
    5f14     5f14        0     1                 $t
    5f15     5f15       58     1                 __aeabi_d2iz
    5f70     5f70       60     8         C:\Renesas\RA\e2studio_v2025-12_fsp_v6.3.0\toolchains\llvm_arm\ATfE-21.1.1-Windows-x86_64\bin\..\lib\clang-runtimes/arm-none-eabi/armv8m.main_hard_fp_exn_rtti_unaligned_size\lib\libclang_rt.builtins.a(floatsidf.c.obj):(.text.__aeabi_i2d)
    5f70     5f70        0     1                 $t
    5f71     5f71       60     1                 __aeabi_i2d
    5fc8     5fc8        0     1                 $d
    5fd0     5fd0      3a0     8         C:\Renesas\RA\e2studio_v2025-12_fsp_v6.3.0\toolchains\llvm_arm\ATfE-21.1.1-Windows-x86_64\bin\..\lib\clang-runtimes/arm-none-eabi/armv8m.main_hard_fp_exn_rtti_unaligned_size\lib\libclang_rt.builtins.a(divdf3.c.obj):(.text.__divdf3)
    5fd0     5fd0        0     1                 $t
    5fd1     5fd1      3a0     1                 __divdf3
    6368     6368        0     1                 $d
    6370     6370       14     2         C:\Renesas\RA\e2studio_v2025-12_fsp_v6.3.0\toolchains\llvm_arm\ATfE-21.1.1-Windows-x86_64\bin\..\lib\clang-runtimes/arm-none-eabi/armv8m.main_hard_fp_exn_rtti_unaligned_size\lib\libclang_rt.builtins.a(divdf3.c.obj):(.text.__aeabi_ddiv)
    6370     6370        0     1                 $t
    6371     6371       14     1                 __aeabi_ddiv
    6388     6388      110     8         C:\Renesas\RA\e2studio_v2025-12_fsp_v6.3.0\toolchains\llvm_arm\ATfE-21.1.1-Windows-x86_64\bin\..\lib\clang-runtimes/arm-none-eabi/armv8m.main_hard_fp_exn_rtti_unaligned_size\lib\libc.a(libm_math_s_log10.c.o):(.text.log10)
    6388     6388        0     1                 $t
    6389     6389      110     1                 log10
    6389     6389      110     1                 log10l
    6470     6470        0     1                 $d
    6498     6498       10     2         C:\Renesas\RA\e2studio_v2025-12_fsp_v6.3.0\toolchains\llvm_arm\ATfE-21.1.1-Windows-x86_64\bin\..\lib\clang-runtimes/arm-none-eabi/armv8m.main_hard_fp_exn_rtti_unaligned_size\lib\libc.a(libm_math_s_log10.c.o):(.text.OUTLINED_FUNCTION_0)
    6498     6498        0     1                 $t
    6499     6499       10     1                 OUTLINED_FUNCTION_0
    64a8     64a8      3e4     8         C:\Renesas\RA\e2studio_v2025-12_fsp_v6.3.0\toolchains\llvm_arm\ATfE-21.1.1-Windows-x86_64\bin\..\lib\clang-runtimes/arm-none-eabi/armv8m.main_hard_fp_exn_rtti_unaligned_size\lib\libc.a(libm_math_s_log.c.o):(.text.log)
    64a8     64a8        0     1                 $t
    64a9     64a9      3e4     1                 log
    64a9     64a9      3e4     1                 logl
    67f8     67f8        0     1                 $d
    688c     688c        c     2         C:\Renesas\RA\e2studio_v2025-12_fsp_v6.3.0\toolchains\llvm_arm\ATfE-21.1.1-Windows-x86_64\bin\..\lib\clang-runtimes/arm-none-eabi/armv8m.main_hard_fp_exn_rtti_unaligned_size\lib\libc.a(libm_math_s_log.c.o):(.text.OUTLINED_FUNCTION_0)
    688c     688c        0     1                 $t
    688d     688d        c     1                 OUTLINED_FUNCTION_0
    6898     6898        8     2         C:\Renesas\RA\e2studio_v2025-12_fsp_v6.3.0\toolchains\llvm_arm\ATfE-21.1.1-Windows-x86_64\bin\..\lib\clang-runtimes/arm-none-eabi/armv8m.main_hard_fp_exn_rtti_unaligned_size\lib\libc.a(libm_math_s_log.c.o):(.text.OUTLINED_FUNCTION_1)
    6898     6898        0     1                 $t
    6899     6899        8     1                 OUTLINED_FUNCTION_1
    68a0     68a0        8     2         C:\Renesas\RA\e2studio_v2025-12_fsp_v6.3.0\toolchains\llvm_arm\ATfE-21.1.1-Windows-x86_64\bin\..\lib\clang-runtimes/arm-none-eabi/armv8m.main_hard_fp_exn_rtti_unaligned_size\lib\libc.a(libm_math_s_log.c.o):(.text.OUTLINED_FUNCTION_2)
    68a0     68a0        0     1                 $t
    68a1     68a1        8     1                 OUTLINED_FUNCTION_2
    68a8     68a8        c     2         C:\Renesas\RA\e2studio_v2025-12_fsp_v6.3.0\toolchains\llvm_arm\ATfE-21.1.1-Windows-x86_64\bin\..\lib\clang-runtimes/arm-none-eabi/armv8m.main_hard_fp_exn_rtti_unaligned_size\lib\libc.a(libm_math_s_log.c.o):(.text.OUTLINED_FUNCTION_3)
    68a8     68a8        0     1                 $t
    68a9     68a9        c     1                 OUTLINED_FUNCTION_3
    68b4     68b4        c     2         C:\Renesas\RA\e2studio_v2025-12_fsp_v6.3.0\toolchains\llvm_arm\ATfE-21.1.1-Windows-x86_64\bin\..\lib\clang-runtimes/arm-none-eabi/armv8m.main_hard_fp_exn_rtti_unaligned_size\lib\libc.a(libm_math_s_log.c.o):(.text.OUTLINED_FUNCTION_4)
    68b4     68b4        0     1                 $t
    68b5     68b5        c     1                 OUTLINED_FUNCTION_4
    68c0     68c0      b0c     8         C:\Renesas\RA\e2studio_v2025-12_fsp_v6.3.0\toolchains\llvm_arm\ATfE-21.1.1-Windows-x86_64\bin\..\lib\clang-runtimes/arm-none-eabi/armv8m.main_hard_fp_exn_rtti_unaligned_size\lib\libc.a(libm_math_s_pow.c.o):(.text.pow)
    68c0     68c0        0     1                 $t
    68c1     68c1      b0c     1                 pow
    68c1     68c1      b0c     1                 _pow
    68c1     68c1      b0c     1                 powl
    6b88     6b88        0     1                 $d
    6bc4     6bc4        0     1                 $t
    6f28     6f28        0     1                 $d
    6f98     6f98        0     1                 $t
    730c     730c        0     1                 $d
    73cc     73cc        c     2         C:\Renesas\RA\e2studio_v2025-12_fsp_v6.3.0\toolchains\llvm_arm\ATfE-21.1.1-Windows-x86_64\bin\..\lib\clang-runtimes/arm-none-eabi/armv8m.main_hard_fp_exn_rtti_unaligned_size\lib\libc.a(libm_math_s_pow.c.o):(.text.OUTLINED_FUNCTION_0)
    73cc     73cc        0     1                 $t
    73cd     73cd        c     1                 OUTLINED_FUNCTION_0
    73d8     73d8        8     2         C:\Renesas\RA\e2studio_v2025-12_fsp_v6.3.0\toolchains\llvm_arm\ATfE-21.1.1-Windows-x86_64\bin\..\lib\clang-runtimes/arm-none-eabi/armv8m.main_hard_fp_exn_rtti_unaligned_size\lib\libc.a(libm_math_s_pow.c.o):(.text.OUTLINED_FUNCTION_1)
    73d8     73d8        0     1                 $t
    73d9     73d9        8     1                 OUTLINED_FUNCTION_1
    73e0     73e0        c     2         C:\Renesas\RA\e2studio_v2025-12_fsp_v6.3.0\toolchains\llvm_arm\ATfE-21.1.1-Windows-x86_64\bin\..\lib\clang-runtimes/arm-none-eabi/armv8m.main_hard_fp_exn_rtti_unaligned_size\lib\libc.a(libm_math_s_pow.c.o):(.text.OUTLINED_FUNCTION_2)
    73e0     73e0        0     1                 $t
    73e1     73e1        c     1                 OUTLINED_FUNCTION_2
    73ec     73ec        c     2         C:\Renesas\RA\e2studio_v2025-12_fsp_v6.3.0\toolchains\llvm_arm\ATfE-21.1.1-Windows-x86_64\bin\..\lib\clang-runtimes/arm-none-eabi/armv8m.main_hard_fp_exn_rtti_unaligned_size\lib\libc.a(libm_math_s_pow.c.o):(.text.OUTLINED_FUNCTION_3)
    73ec     73ec        0     1                 $t
    73ed     73ed        c     1                 OUTLINED_FUNCTION_3
    73f8     73f8        8     2         C:\Renesas\RA\e2studio_v2025-12_fsp_v6.3.0\toolchains\llvm_arm\ATfE-21.1.1-Windows-x86_64\bin\..\lib\clang-runtimes/arm-none-eabi/armv8m.main_hard_fp_exn_rtti_unaligned_size\lib\libc.a(libm_math_s_pow.c.o):(.text.OUTLINED_FUNCTION_4)
    73f8     73f8        0     1                 $t
[...]
calc_rel_iaq_internal                             C:\Users\PC Hai Yen\Downloads\New folder\myADC\ra\fsp\lib\rm_zmod4xxx\cm33_llvm\lib_iaq_2nd_gen.a(iaq_2nd_gen.o)
sqrtf                                             C:\Renesas\RA\e2studio_v2025-12_fsp_v6.3.0\toolchains\llvm_arm\ATfE-21.1.1-Windows-x86_64\bin\..\lib\clang-runtimes/arm-none-eabi/armv8m.main_hard_fp_exn_rtti_unaligned_size\lib\libc.a(libm_machine_arm_sf_sqrt.c.o)
                                                  C:\Users\PC Hai Yen\Downloads\New folder\myADC\ra\fsp\lib\rm_zmod4xxx\cm33_llvm\lib_iaq_2nd_gen.a(iaq_2nd_gen.o)
nnet_funcs_dotbias                                C:\Users\PC Hai Yen\Downloads\New folder\myADC\ra\fsp\lib\rm_zmod4xxx\cm33_llvm\lib_iaq_2nd_gen.a(nnet_funcs.o)
                                                  C:\Users\PC Hai Yen\Downloads\New folder\myADC\ra\fsp\lib\rm_zmod4xxx\cm33_llvm\lib_iaq_2nd_gen.a(iaq_2nd_gen_RH_nnet.o)
                                                  C:\Users\PC Hai Yen\Downloads\New folder\myADC\ra\fsp\lib\rm_zmod4xxx\cm33_llvm\lib_iaq_2nd_gen.a(iaq_2nd_gen_T_nnet.o)
                                                  C:\Users\PC Hai Yen\Downloads\New folder\myADC\ra\fsp\lib\rm_zmod4xxx\cm33_llvm\lib_iaq_2nd_gen.a(iaq_2nd_gen_V6_nnet.o)
                                                  C:\Users\PC Hai Yen\Downloads\New folder\myADC\ra\fsp\lib\rm_zmod4xxx\cm33_llvm\lib_iaq_2nd_gen.a(iaq_2nd_gen_nnet.o)
nnet_funcs_tanh                                   C:\Users\PC Hai Yen\Downloads\New folder\myADC\ra\fsp\lib\rm_zmod4xxx\cm33_llvm\lib_iaq_2nd_gen.a(nnet_funcs.o)
                                                  C:\Users\PC Hai Yen\Downloads\New folder\myADC\ra\fsp\lib\rm_zmod4xxx\cm33_llvm\lib_iaq_2nd_gen.a(iaq_2nd_gen_RH_nnet.o)
                                                  C:\Users\PC Hai Yen\Downloads\New folder\myADC\ra\fsp\lib\rm_zmod4xxx\cm33_llvm\lib_iaq_2nd_gen.a(iaq_2nd_gen_V6_nnet.o)
                                                  C:\Users\PC Hai Yen\Downloads\New folder\myADC\ra\fsp\lib\rm_zmod4xxx\cm33_llvm\lib_iaq_2nd_gen.a(iaq_2nd_gen_nnet.o)
nnet_funcs_relu                                   C:\Users\PC Hai Yen\Downloads\New folder\myADC\ra\fsp\lib\rm_zmod4xxx\cm33_llvm\lib_iaq_2nd_gen.a(nnet_funcs.o)
                                                  C:\Users\PC Hai Yen\Downloads\New folder\myADC\ra\fsp\lib\rm_zmod4xxx\cm33_llvm\lib_iaq_2nd_gen.a(iaq_2nd_gen_T_nnet.o)
exp                                               C:\Renesas\RA\e2studio_v2025-12_fsp_v6.3.0\toolchains\llvm_arm\ATfE-21.1.1-Windows-x86_64\bin\..\lib\clang-runtimes/arm-none-eabi/armv8m.main_hard_fp_exn_rtti_unaligned_size\lib\libc.a(libm_math_s_exp.c.o)
                                                  C:\Users\PC Hai Yen\Downloads\New folder\myADC\ra\fsp\lib\rm_zmod4xxx\cm33_llvm\lib_iaq_2nd_gen.a(nnet_funcs.o)
bzero                                             C:\Renesas\RA\e2studio_v2025-12_fsp_v6.3.0\toolchains\llvm_arm\ATfE-21.1.1-Windows-x86_64\bin\..\lib\clang-runtimes/arm-none-eabi/armv8m.main_hard_fp_exn_rtti_unaligned_size\lib\libc.a(bzero.c.o)
__aeabi_memclr8                                   C:\Renesas\RA\e2studio_v2025-12_fsp_v6.3.0\toolchains\llvm_arm\ATfE-21.1.1-Windows-x86_64\bin\..\lib\clang-runtimes/arm-none-eabi/armv8m.main_hard_fp_exn_rtti_unaligned_size\lib\libc.a(bzero.c.o)
__aeabi_memclr                                    C:\Renesas\RA\e2studio_v2025-12_fsp_v6.3.0\toolchains\llvm_arm\ATfE-21.1.1-Windows-x86_64\bin\..\lib\clang-runtimes/arm-none-eabi/armv8m.main_hard_fp_exn_rtti_unaligned_size\lib\libc.a(bzero.c.o)
                                                  C:\Renesas\RA\e2studio_v2025-12_fsp_v6.3.0\toolchains\llvm_arm\ATfE-21.1.1-Windows-x86_64\bin\..\lib\clang-runtimes/arm-none-eabi/armv8m.main_hard_fp_exn_rtti_unaligned_size\lib\libc.a(libc_picolib_inittls.c.o)
__aeabi_memcpy8                                   C:\Renesas\RA\e2studio_v2025-12_fsp_v6.3.0\toolchains\llvm_arm\ATfE-21.1.1-Windows-x86_64\bin\..\lib\clang-runtimes/arm-none-eabi/armv8m.main_hard_fp_exn_rtti_unaligned_size\lib\libc.a(memcpy.c.o)
__tdata_source                                    fsp_gen.lld:691
                                                  C:\Renesas\RA\e2studio_v2025-12_fsp_v6.3.0\toolchains\llvm_arm\ATfE-21.1.1-Windows-x86_64\bin\..\lib\clang-runtimes/arm-none-eabi/armv8m.main_hard_fp_exn_rtti_unaligned_size\lib\libc.a(libc_picolib_inittls.c.o)
__tdata_size                                      fsp_gen.lld:692
                                                  C:\Renesas\RA\e2studio_v2025-12_fsp_v6.3.0\toolchains\llvm_arm\ATfE-21.1.1-Windows-x86_64\bin\..\lib\clang-runtimes/arm-none-eabi/armv8m.main_hard_fp_exn_rtti_unaligned_size\lib\libc.a(libc_picolib_inittls.c.o)
__tbss_offset                                     fsp_gen.lld:693
                                                  C:\Renesas\RA\e2studio_v2025-12_fsp_v6.3.0\toolchains\llvm_arm\ATfE-21.1.1-Windows-x86_64\bin\..\lib\clang-runtimes/arm-none-eabi/armv8m.main_hard_fp_exn_rtti_unaligned_size\lib\libc.a(libc_picolib_inittls.c.o)
__tbss_size                                       fsp_gen.lld:694
                                                  C:\Renesas\RA\e2studio_v2025-12_fsp_v6.3.0\toolchains\llvm_arm\ATfE-21.1.1-Windows-x86_64\bin\..\lib\clang-runtimes/arm-none-eabi/armv8m.main_hard_fp_exn_rtti_unaligned_size\lib\libc.a(libc_picolib_inittls.c.o)
__arm32_tls_tcb_offset                            fsp_gen.lld:695
                                                  C:\Renesas\RA\e2studio_v2025-12_fsp_v6.3.0\toolchains\llvm_arm\ATfE-21.1.1-Windows-x86_64\bin\..\lib\clang-runtimes/arm-none-eabi/armv8m.main_hard_fp_exn_rtti_unaligned_size\lib\libc.a(libc_picolib_machine_arm_set_tls.c.o)
__tls                                             C:\Renesas\RA\e2studio_v2025-12_fsp_v6.3.0\toolchains\llvm_arm\ATfE-21.1.1-Windows-x86_64\bin\..\lib\clang-runtimes/arm-none-eabi/armv8m.main_hard_fp_exn_rtti_unaligned_size\lib\libc.a(libc_picolib_machine_arm_tls.c.o)
                                                  C:\Renesas\RA\e2studio_v2025-12_fsp_v6.3.0\toolchains\llvm_arm\ATfE-21.1.1-Windows-x86_64\bin\..\lib\clang-runtimes/arm-none-eabi/armv8m.main_hard_fp_exn_rtti_unaligned_size\lib\libc.a(libc_picolib_machine_arm_set_tls.c.o)
                                                  C:\Renesas\RA\e2studio_v2025-12_fsp_v6.3.0\toolchains\llvm_arm\ATfE-21.1.1-Windows-x86_64\bin\..\lib\clang-runtimes/arm-none-eabi/armv8m.main_hard_fp_exn_rtti_unaligned_size\lib\libc.a(libc_picolib_machine_arm_read_tp.S.o)
vfprintf                                          C:\Renesas\RA\e2studio_v2025-12_fsp_v6.3.0\toolchains\llvm_arm\ATfE-21.1.1-Windows-x86_64\bin\..\lib\clang-runtimes/arm-none-eabi/armv8m.main_hard_fp_exn_rtti_unaligned_size\lib\libc.a(libc_tinystdio_vfprintf.c.o)
                                                  C:\Renesas\RA\e2studio_v2025-12_fsp_v6.3.0\toolchains\llvm_arm\ATfE-21.1.1-Windows-x86_64\bin\..\lib\clang-runtimes/arm-none-eabi/armv8m.main_hard_fp_exn_rtti_unaligned_size\lib\libc.a(libc_tinystdio_snprintf.c.o)
__file_str_put                                    C:\Renesas\RA\e2studio_v2025-12_fsp_v6.3.0\toolchains\llvm_arm\ATfE-21.1.1-Windows-x86_64\bin\..\lib\clang-runtimes/arm-none-eabi/armv8m.main_hard_fp_exn_rtti_unaligned_size\lib\libc.a(libc_tinystdio_filestrput.c.o)
                                                  C:\Renesas\RA\e2studio_v2025-12_fsp_v6.3.0\toolchains\llvm_arm\ATfE-21.1.1-Windows-x86_64\bin\..\lib\clang-runtimes/arm-none-eabi/armv8m.main_hard_fp_exn_rtti_unaligned_size\lib\libc.a(libc_tinystdio_snprintf.c.o)
__dtox_engine                                     C:\Renesas\RA\e2studio_v2025-12_fsp_v6.3.0\toolchains\llvm_arm\ATfE-21.1.1-Windows-x86_64\bin\..\lib\clang-runtimes/arm-none-eabi/armv8m.main_hard_fp_exn_rtti_unaligned_size\lib\libc.a(libc_tinystdio_dtox_engine.c.o)
                                                  C:\Renesas\RA\e2studio_v2025-12_fsp_v6.3.0\toolchains\llvm_arm\ATfE-21.1.1-Windows-x86_64\bin\..\lib\clang-runtimes/arm-none-eabi/armv8m.main_hard_fp_exn_rtti_unaligned_size\lib\libc.a(libc_tinystdio_vfprintf.c.o)
__dtoa_engine                                     C:\Renesas\RA\e2studio_v2025-12_fsp_v6.3.0\toolchains\llvm_arm\ATfE-21.1.1-Windows-x86_64\bin\..\lib\clang-runtimes/arm-none-eabi/armv8m.main_hard_fp_exn_rtti_unaligned_size\lib\libc.a(libc_tinystdio_dtoa_ryu.c.o)
                                                  C:\Renesas\RA\e2studio_v2025-12_fsp_v6.3.0\toolchains\llvm_arm\ATfE-21.1.1-Windows-x86_64\bin\..\lib\clang-runtimes/arm-none-eabi/armv8m.main_hard_fp_exn_rtti_unaligned_size\lib\libc.a(libc_tinystdio_vfprintf.c.o)
strnlen                                           C:\Renesas\RA\e2studio_v2025-12_fsp_v6.3.0\toolchains\llvm_arm\ATfE-21.1.1-Windows-x86_64\bin\..\lib\clang-runtimes/arm-none-eabi/armv8m.main_hard_fp_exn_rtti_unaligned_size\lib\libc.a(libc_string_strnlen.c.o)
                                                  C:\Renesas\RA\e2studio_v2025-12_fsp_v6.3.0\toolchains\llvm_arm\ATfE-21.1.1-Windows-x86_64\bin\..\lib\clang-runtimes/arm-none-eabi/armv8m.main_hard_fp_exn_rtti_unaligned_size\lib\libc.a(libc_tinystdio_vfprintf.c.o)
__d_vfprintf                                      C:\Renesas\RA\e2studio_v2025-12_fsp_v6.3.0\toolchains\llvm_arm\ATfE-21.1.1-Windows-x86_64\bin\..\lib\clang-runtimes/arm-none-eabi/armv8m.main_hard_fp_exn_rtti_unaligned_size\lib\libc.a(libc_tinystdio_vfprintf.c.o)
__log10Pow2                                       C:\Renesas\RA\e2studio_v2025-12_fsp_v6.3.0\toolchains\llvm_arm\ATfE-21.1.1-Windows-x86_64\bin\..\lib\clang-runtimes/arm-none-eabi/armv8m.main_hard_fp_exn_rtti_unaligned_size\lib\libc.a(libc_tinystdio_ryu_log10.c.o)
                                                  C:\Renesas\RA\e2studio_v2025-12_fsp_v6.3.0\toolchains\llvm_arm\ATfE-21.1.1-Windows-x86_64\bin\..\lib\clang-runtimes/arm-none-eabi/armv8m.main_hard_fp_exn_rtti_unaligned_size\lib\libc.a(libc_tinystdio_dtoa_ryu.c.o)
__pow5bits                                        C:\Renesas\RA\e2studio_v2025-12_fsp_v6.3.0\toolchains\llvm_arm\ATfE-21.1.1-Windows-x86_64\bin\..\lib\clang-runtimes/arm-none-eabi/armv8m.main_hard_fp_exn_rtti_unaligned_size\lib\libc.a(libc_tinystdio_ryu_pow5bits.c.o)
                                                  C:\Renesas\RA\e2studio_v2025-12_fsp_v6.3.0\toolchains\llvm_arm\ATfE-21.1.1-Windows-x86_64\bin\..\lib\clang-runtimes/arm-none-eabi/armv8m.main_hard_fp_exn_rtti_unaligned_size\lib\libc.a(libc_tinystdio_dtoa_ryu.c.o)
                                                  C:\Renesas\RA\e2studio_v2025-12_fsp_v6.3.0\toolchains\llvm_arm\ATfE-21.1.1-Windows-x86_64\bin\..\lib\clang-runtimes/arm-none-eabi/armv8m.main_hard_fp_exn_rtti_unaligned_size\lib\libc.a(libc_tinystdio_ryu_table.c.o)
__double_computeInvPow5                           C:\Renesas\RA\e2studio_v2025-12_fsp_v6.3.0\toolchains\llvm_arm\ATfE-21.1.1-Windows-x86_64\bin\..\lib\clang-runtimes/arm-none-eabi/armv8m.main_hard_fp_exn_rtti_unaligned_size\lib\libc.a(libc_tinystdio_ryu_table.c.o)
                                                  C:\Renesas\RA\e2studio_v2025-12_fsp_v6.3.0\toolchains\llvm_arm\ATfE-21.1.1-Windows-x86_64\bin\..\lib\clang-runtimes/arm-none-eabi/armv8m.main_hard_fp_exn_rtti_unaligned_size\lib\libc.a(libc_tinystdio_dtoa_ryu.c.o)
__pow5Factor                                      C:\Renesas\RA\e2studio_v2025-12_fsp_v6.3.0\toolchains\llvm_arm\ATfE-21.1.1-Windows-x86_64\bin\..\lib\clang-runtimes/arm-none-eabi/armv8m.main_hard_fp_exn_rtti_unaligned_size\lib\libc.a(libc_tinystdio_ryu_table.c.o)
                                                  C:\Renesas\RA\e2studio_v2025-12_fsp_v6.3.0\toolchains\llvm_arm\ATfE-21.1.1-Windows-x86_64\bin\..\lib\clang-runtimes/arm-none-eabi/armv8m.main_hard_fp_exn_rtti_unaligned_size\lib\libc.a(libc_tinystdio_dtoa_ryu.c.o)
__log10Pow5                                       C:\Renesas\RA\e2studio_v2025-12_fsp_v6.3.0\toolchains\llvm_arm\ATfE-21.1.1-Windows-x86_64\bin\..\lib\clang-runtimes/arm-none-eabi/armv8m.main_hard_fp_exn_rtti_unaligned_size\lib\libc.a(libc_tinystdio_ryu_log10.c.o)
                                                  C:\Renesas\RA\e2studio_v2025-12_fsp_v6.3.0\toolchains\llvm_arm\ATfE-21.1.1-Windows-x86_64\bin\..\lib\clang-runtimes/arm-none-eabi/armv8m.main_hard_fp_exn_rtti_unaligned_size\lib\libc.a(libc_tinystdio_dtoa_ryu.c.o)
__double_computePow5                              C:\Renesas\RA\e2studio_v2025-12_fsp_v6.3.0\toolchains\llvm_arm\ATfE-21.1.1-Windows-x86_64\bin\..\lib\clang-runtimes/arm-none-eabi/armv8m.main_hard_fp_exn_rtti_unaligned_size\lib\libc.a(libc_tinystdio_ryu_table.c.o)
                                                  C:\Renesas\RA\e2studio_v2025-12_fsp_v6.3.0\toolchains\llvm_arm\ATfE-21.1.1-Windows-x86_64\bin\..\lib\clang-runtimes/arm-none-eabi/armv8m.main_hard_fp_exn_rtti_unaligned_size\lib\libc.a(libc_tinystdio_dtoa_ryu.c.o)
__umul128                                         C:\Renesas\RA\e2studio_v2025-12_fsp_v6.3.0\toolchains\llvm_arm\ATfE-21.1.1-Windows-x86_64\bin\..\lib\clang-runtimes/arm-none-eabi/armv8m.main_hard_fp_exn_rtti_unaligned_size\lib\libc.a(libc_tinystdio_ryu_umul128.c.o)
                                                  C:\Renesas\RA\e2studio_v2025-12_fsp_v6.3.0\toolchains\llvm_arm\ATfE-21.1.1-Windows-x86_64\bin\..\lib\clang-runtimes/arm-none-eabi/armv8m.main_hard_fp_exn_rtti_unaligned_size\lib\libc.a(libc_tinystdio_dtoa_ryu.c.o)
                                                  C:\Renesas\RA\e2studio_v2025-12_fsp_v6.3.0\toolchains\llvm_arm\ATfE-21.1.1-Windows-x86_64\bin\..\lib\clang-runtimes/arm-none-eabi/armv8m.main_hard_fp_exn_rtti_unaligned_size\lib\libc.a(libc_tinystdio_ryu_table.c.o)
__shiftright128                                   C:\Renesas\RA\e2studio_v2025-12_fsp_v6.3.0\toolchains\llvm_arm\ATfE-21.1.1-Windows-x86_64\bin\..\lib\clang-runtimes/arm-none-eabi/armv8m.main_hard_fp_exn_rtti_unaligned_size\lib\libc.a(libc_tinystdio_ryu_umul128.c.o)
                                                  C:\Renesas\RA\e2studio_v2025-12_fsp_v6.3.0\toolchains\llvm_arm\ATfE-21.1.1-Windows-x86_64\bin\..\lib\clang-runtimes/arm-none-eabi/armv8m.main_hard_fp_exn_rtti_unaligned_size\lib\libc.a(libc_tinystdio_dtoa_ryu.c.o)
                                                  C:\Renesas\RA\e2studio_v2025-12_fsp_v6.3.0\toolchains\llvm_arm\ATfE-21.1.1-Windows-x86_64\bin\..\lib\clang-runtimes/arm-none-eabi/armv8m.main_hard_fp_exn_rtti_unaligned_size\lib\libc.a(libc_tinystdio_ryu_table.c.o)
expl                                              C:\Renesas\RA\e2studio_v2025-12_fsp_v6.3.0\toolchains\llvm_arm\ATfE-21.1.1-Windows-x86_64\bin\..\lib\clang-runtimes/arm-none-eabi/armv8m.main_hard_fp_exn_rtti_unaligned_size\lib\libc.a(libm_math_s_exp.c.o)
log                                               C:\Renesas\RA\e2studio_v2025-12_fsp_v6.3.0\toolchains\llvm_arm\ATfE-21.1.1-Windows-x86_64\bin\..\lib\clang-runtimes/arm-none-eabi/armv8m.main_hard_fp_exn_rtti_unaligned_size\lib\libc.a(libm_math_s_log.c.o)
                                                  C:\Renesas\RA\e2studio_v2025-12_fsp_v6.3.0\toolchains\llvm_arm\ATfE-21.1.1-Windows-x86_64\bin\..\lib\clang-runtimes/arm-none-eabi/armv8m.main_hard_fp_exn_rtti_unaligned_size\lib\libc.a(libm_math_s_log10.c.o)
log10l                                            C:\Renesas\RA\e2studio_v2025-12_fsp_v6.3.0\toolchains\llvm_arm\ATfE-21.1.1-Windows-x86_64\bin\..\lib\clang-runtimes/arm-none-eabi/armv8m.main_hard_fp_exn_rtti_unaligned_size\lib\libc.a(libm_math_s_log10.c.o)
logl                                              C:\Renesas\RA\e2studio_v2025-12_fsp_v6.3.0\toolchains\llvm_arm\ATfE-21.1.1-Windows-x86_64\bin\..\lib\clang-runtimes/arm-none-eabi/armv8m.main_hard_fp_exn_rtti_unaligned_size\lib\libc.a(libm_math_s_log.c.o)
scalbn                                            C:\Renesas\RA\e2studio_v2025-12_fsp_v6.3.0\toolchains\llvm_arm\ATfE-21.1.1-Windows-x86_64\bin\..\lib\clang-runtimes/arm-none-eabi/armv8m.main_hard_fp_exn_rtti_unaligned_size\lib\libc.a(libm_common_s_scalbn.c.o)
                                                  C:\Renesas\RA\e2studio_v2025-12_fsp_v6.3.0\toolchains\llvm_arm\ATfE-21.1.1-Windows-x86_64\bin\..\lib\clang-runtimes/arm-none-eabi/armv8m.main_hard_fp_exn_rtti_unaligned_size\lib\libc.a(libm_math_s_pow.c.o)
sqrt                                              C:\Renesas\RA\e2studio_v2025-12_fsp_v6.3.0\toolchains\llvm_arm\ATfE-21.1.1-Windows-x86_64\bin\..\lib\clang-runtimes/arm-none-eabi/armv8m.main_hard_fp_exn_rtti_unaligned_size\lib\libc.a(libm_machine_arm_s_sqrt.c.o)
                                                  C:\Renesas\RA\e2studio_v2025-12_fsp_v6.3.0\toolchains\llvm_arm\ATfE-21.1.1-Windows-x86_64\bin\..\lib\clang-runtimes/arm-none-eabi/armv8m.main_hard_fp_exn_rtti_unaligned_size\lib\libc.a(libm_math_s_pow.c.o)
_pow                                              C:\Renesas\RA\e2studio_v2025-12_fsp_v6.3.0\toolchains\llvm_arm\ATfE-21.1.1-Windows-x86_64\bin\..\lib\clang-runtimes/arm-none-eabi/armv8m.main_hard_fp_exn_rtti_unaligned_size\lib\libc.a(libm_math_s_pow.c.o)
powl                                              C:\Renesas\RA\e2studio_v2025-12_fsp_v6.3.0\toolchains\llvm_arm\ATfE-21.1.1-Windows-x86_64\bin\..\lib\clang-runtimes/arm-none-eabi/armv8m.main_hard_fp_exn_rtti_unaligned_size\lib\libc.a(libm_math_s_pow.c.o)
__isnand                                          C:\Renesas\RA\e2studio_v2025-12_fsp_v6.3.0\toolchains\llvm_arm\ATfE-21.1.1-Windows-x86_64\bin\..\lib\clang-runtimes/arm-none-eabi/armv8m.main_hard_fp_exn_rtti_unaligned_size\lib\libc.a(libm_common_s_isnan.c.o)
                                                  C:\Renesas\RA\e2studio_v2025-12_fsp_v6.3.0\toolchains\llvm_arm\ATfE-21.1.1-Windows-x86_64\bin\..\lib\clang-runtimes/arm-none-eabi/armv8m.main_hard_fp_exn_rtti_unaligned_size\lib\libc.a(libm_machine_arm_s_sqrt.c.o)
                                                  C:\Renesas\RA\e2studio_v2025-12_fsp_v6.3.0\toolchains\llvm_arm\ATfE-21.1.1-Windows-x86_64\bin\..\lib\clang-runtimes/arm-none-eabi/armv8m.main_hard_fp_exn_rtti_unaligned_size\lib\libc.a(libm_common_math_err_invalid.c.o)
sqrtl                                             C:\Renesas\RA\e2studio_v2025-12_fsp_v6.3.0\toolchains\llvm_arm\ATfE-21.1.1-Windows-x86_64\bin\..\lib\clang-runtimes/arm-none-eabi/armv8m.main_hard_fp_exn_rtti_unaligned_size\lib\libc.a(libm_machine_arm_s_sqrt.c.o)
ldexp                                             C:\Renesas\RA\e2studio_v2025-12_fsp_v6.3.0\toolchains\llvm_arm\ATfE-21.1.1-Windows-x86_64\bin\..\lib\clang-runtimes/arm-none-eabi/armv8m.main_hard_fp_exn_rtti_unaligned_size\lib\libc.a(libm_common_s_scalbn.c.o)
scalbnl                                           C:\Renesas\RA\e2studio_v2025-12_fsp_v6.3.0\toolchains\llvm_arm\ATfE-21.1.1-Windows-x86_64\bin\..\lib\clang-runtimes/arm-none-eabi/armv8m.main_hard_fp_exn_rtti_unaligned_size\lib\libc.a(libm_common_s_scalbn.c.o)
ldexpl                                            C:\Renesas\RA\e2studio_v2025-12_fsp_v6.3.0\toolchains\llvm_arm\ATfE-21.1.1-Windows-x86_64\bin\..\lib\clang-runtimes/arm-none-eabi/armv8m.main_hard_fp_exn_rtti_unaligned_size\lib\libc.a(libm_common_s_scalbn.c.o)
isnan                                             C:\Renesas\RA\e2studio_v2025-12_fsp_v6.3.0\toolchains\llvm_arm\ATfE-21.1.1-Windows-x86_64\bin\..\lib\clang-runtimes/arm-none-eabi/armv8m.main_hard_fp_exn_rtti_unaligned_size\lib\libc.a(libm_common_s_isnan.c.o)
isnanl                                            C:\Renesas\RA\e2studio_v2025-12_fsp_v6.3.0\toolchains\llvm_arm\ATfE-21.1.1-Windows-x86_64\bin\..\lib\clang-runtimes/arm-none-eabi/armv8m.main_hard_fp_exn_rtti_unaligned_size\lib\libc.a(libm_common_s_isnan.c.o)
__isnanl                                          C:\Renesas\RA\e2studio_v2025-12_fsp_v6.3.0\toolchains\llvm_arm\ATfE-21.1.1-Windows-x86_64\bin\..\lib\clang-runtimes/arm-none-eabi/armv8m.main_hard_fp_exn_rtti_unaligned_size\lib\libc.a(libm_common_s_isnan.c.o)
